<html>
<body>
<pre>
<h1>µVision Build Log</h1>
<h2>Tool Versions:</h2>
IDE-Version: µVision V5.43.1.0
Copyright (C) 2025 ARM Ltd and ARM Germany GmbH. All rights reserved.
License Information: reewdsa shua, 1111, LIC=9WSKC-7M6QL-123LE-5L1EJ-IKFDG-KWB75
 
Tool Versions:
Toolchain:       MDK-ARM Plus  Version: 5.43.0.0
Toolchain Path:  C:\Keil_v5\ARM\ARMCLANG\Bin
C Compiler:      ArmClang.exe V6.24
Assembler:       Armasm.exe V6.24
Linker/Locator:  ArmLink.exe V6.24
Library Manager: ArmAr.exe V6.24
Hex Converter:   FromElf.exe V6.24
CPU DLL:         
Dialog DLL:      
Target DLL:      STLink\ST-LINKIII-KEIL_SWO.dll V3.3.1.0
Dialog DLL:      TCM.DLL V1.56.6.0
 
<h2>Project:</h2>
C:\Users\shuan\Desktop\senior design\CoolWrist\CoolWrist\MDK-ARM\CoolWrist.uvprojx
Project File Date:  10/07/2025

<h2>Output:</h2>
*** Using Compiler 'V6.24', folder: 'C:\Keil_v5\ARM\ARMCLANG\Bin'
Rebuild target 'CoolWrist'
assembling startup_stm32u5a5xx.s...
compiling icache.c...
compiling spi.c...
compiling stm32u5xx_hal_flash.c...
compiling stm32u5xx_nucleo.c...
compiling gpio.c...
compiling tim.c...
compiling gpdma.c...
compiling stm32u5xx_hal_adc_ex.c...
compiling stm32u5xx_it.c...
compiling stm32u5xx_hal_msp.c...
compiling i2c.c...
compiling stm32u5xx_hal_cortex.c...
compiling adc.c...
compiling stm32u5xx_hal_i2c_ex.c...
compiling main.c...
compiling stm32u5xx_hal.c...
compiling stm32u5xx_hal_flash_ex.c...
compiling stm32u5xx_hal_dma.c...
compiling stm32u5xx_hal_exti.c...
compiling stm32u5xx_hal_rcc.c...
compiling stm32u5xx_hal_gpio.c...
compiling stm32u5xx_hal_adc.c...
compiling stm32u5xx_hal_pwr.c...
compiling stm32u5xx_hal_gtzc.c...
compiling stm32u5xx_hal_icache.c...
compiling stm32u5xx_hal_spi_ex.c...
compiling stm32u5xx_hal_rcc_ex.c...
compiling stm32u5xx_hal_pwr_ex.c...
compiling stm32u5xx_hal_usart.c...
compiling stm32u5xx_hal_usart_ex.c...
compiling system_stm32u5xx.c...
compiling stm32u5xx_hal_uart_ex.c...
compiling stm32u5xx_hal_dma_ex.c...
compiling stm32u5xx_hal_spi.c...
compiling stm32u5xx_hal_i2c.c...
compiling stm32u5xx_hal_tim_ex.c...
compiling stm32u5xx_hal_uart.c...
compiling stm32u5xx_hal_tim.c...
linking...
Program Size: Code=62040 RO-data=1972 RW-data=20 ZI-data=2940  
FromELF: creating hex file...
"CoolWrist\CoolWrist.axf" - 0 Error(s), 0 Warning(s).

<h2>Software Packages used:</h2>

Package Vendor: ARM
                https://www.keil.com/pack/ARM.CMSIS.6.2.0.pack
                ARM::CMSIS@6.2.0
                CMSIS (Common Microcontroller Software Interface Standard)
   * Component: CORE Version: 6.1.1

Package Vendor: Keil
                https://www.keil.com/pack/Keil.STM32U5xx_DFP.3.2.0.pack
                Keil::STM32U5xx_DFP@3.2.0
                STMicroelectronics STM32U5 Series Device Support

<h2>Collection of Component include folders:</h2>
  ./RTE/_CoolWrist
  C:/Users/shuan/AppData/Local/Arm/Packs/ARM/CMSIS/6.2.0/CMSIS/Core/Include

<h2>Collection of Component Files used:</h2>

   * Component: ARM::CMSIS:CORE@6.1.1
      Include file:  CMSIS/Core/Include/tz_context.h
Build Time Elapsed:  00:00:03
</pre>
</body>
</html>
