Component: Arm Compiler for Embedded 6.24 Tool: armlink [5f371500]

==============================================================================

Section Cross References

    startup_stm32u5a5xx.o(RESET) refers to startup_stm32u5a5xx.o(STACK) for __initial_sp
    startup_stm32u5a5xx.o(RESET) refers to startup_stm32u5a5xx.o(.text) for Reset_Handler
    startup_stm32u5a5xx.o(RESET) refers to stm32u5xx_it.o(.text.NMI_Handler) for NMI_Handler
    startup_stm32u5a5xx.o(RESET) refers to stm32u5xx_it.o(.text.HardFault_Handler) for HardFault_Handler
    startup_stm32u5a5xx.o(RESET) refers to stm32u5xx_it.o(.text.MemManage_Handler) for MemManage_Handler
    startup_stm32u5a5xx.o(RESET) refers to stm32u5xx_it.o(.text.BusFault_Handler) for BusFault_Handler
    startup_stm32u5a5xx.o(RESET) refers to stm32u5xx_it.o(.text.UsageFault_Handler) for UsageFault_Handler
    startup_stm32u5a5xx.o(RESET) refers to stm32u5xx_it.o(.text.SVC_Handler) for SVC_Handler
    startup_stm32u5a5xx.o(RESET) refers to stm32u5xx_it.o(.text.DebugMon_Handler) for DebugMon_Handler
    startup_stm32u5a5xx.o(RESET) refers to stm32u5xx_it.o(.text.PendSV_Handler) for PendSV_Handler
    startup_stm32u5a5xx.o(RESET) refers to stm32u5xx_it.o(.text.SysTick_Handler) for SysTick_Handler
    startup_stm32u5a5xx.o(RESET) refers to stm32u5xx_it.o(.text.EXTI1_IRQHandler) for EXTI1_IRQHandler
    startup_stm32u5a5xx.o(RESET) refers to stm32u5xx_it.o(.text.EXTI13_IRQHandler) for EXTI13_IRQHandler
    startup_stm32u5a5xx.o(RESET) refers to stm32u5xx_it.o(.text.GPDMA1_Channel0_IRQHandler) for GPDMA1_Channel0_IRQHandler
    startup_stm32u5a5xx.o(RESET) refers to stm32u5xx_it.o(.text.TIM7_IRQHandler) for TIM7_IRQHandler
    startup_stm32u5a5xx.o(RESET) refers to stm32u5xx_it.o(.text.I2C1_EV_IRQHandler) for I2C1_EV_IRQHandler
    startup_stm32u5a5xx.o(RESET) refers to stm32u5xx_it.o(.text.I2C1_ER_IRQHandler) for I2C1_ER_IRQHandler
    startup_stm32u5a5xx.o(.text) refers to system_stm32u5xx.o(.text.SystemInit) for SystemInit
    startup_stm32u5a5xx.o(.text) refers to entry.o(.ARM.Collect$$$$00000000) for __main
    main.o(.text.main) refers to stm32u5xx_hal.o(.text.HAL_Init) for HAL_Init
    main.o(.text.main) refers to stm32u5xx_hal_pwr_ex.o(.text.HAL_PWREx_EnableVddIO2) for HAL_PWREx_EnableVddIO2
    main.o(.text.main) refers to stm32u5xx_hal_pwr_ex.o(.text.HAL_PWREx_DisableUCPDDeadBattery) for HAL_PWREx_DisableUCPDDeadBattery
    main.o(.text.main) refers to stm32u5xx_hal_pwr_ex.o(.text.HAL_PWREx_ConfigSupply) for HAL_PWREx_ConfigSupply
    main.o(.text.main) refers to main.o(.text.SystemClock_Config) for SystemClock_Config
    main.o(.text.main) refers to gpio.o(.text.MX_GPIO_Init) for MX_GPIO_Init
    main.o(.text.main) refers to gpdma.o(.text.MX_GPDMA1_Init) for MX_GPDMA1_Init
    main.o(.text.main) refers to spi.o(.text.MX_SPI1_Init) for MX_SPI1_Init
    main.o(.text.main) refers to adc.o(.text.MX_ADC1_Init) for MX_ADC1_Init
    main.o(.text.main) refers to icache.o(.text.MX_ICACHE_Init) for MX_ICACHE_Init
    main.o(.text.main) refers to tim.o(.text.MX_TIM6_Init) for MX_TIM6_Init
    main.o(.text.main) refers to i2c.o(.text.MX_I2C1_Init) for MX_I2C1_Init
    main.o(.text.main) refers to tim.o(.text.MX_TIM7_Init) for MX_TIM7_Init
    main.o(.text.main) refers to tim.o(.text.MX_TIM1_Init) for MX_TIM1_Init
    main.o(.text.main) refers to tim.o(.bss.htim7) for htim7
    main.o(.text.main) refers to stm32u5xx_hal_tim.o(.text.HAL_TIM_Base_Start_IT) for HAL_TIM_Base_Start_IT
    main.o(.text.main) refers to adc.o(.bss.hadc1) for hadc1
    main.o(.text.main) refers to stm32u5xx_hal_adc_ex.o(.text.HAL_ADCEx_Calibration_Start) for HAL_ADCEx_Calibration_Start
    main.o(.text.main) refers to main.o(.bss.eda_buf) for eda_buf
    main.o(.text.main) refers to stm32u5xx_hal_adc.o(.text.HAL_ADC_Start_DMA) for HAL_ADC_Start_DMA
    main.o(.text.main) refers to tim.o(.bss.htim6) for htim6
    main.o(.text.main) refers to stm32u5xx_hal_tim.o(.text.HAL_TIM_Base_Start) for HAL_TIM_Base_Start
    main.o(.text.main) refers to stm32u5xx_hal_gpio.o(.text.HAL_GPIO_WritePin) for HAL_GPIO_WritePin
    main.o(.text.main) refers to spi.o(.bss.hspi1) for hspi1
    main.o(.text.main) refers to stm32u5xx_hal_spi.o(.text.HAL_SPI_Transmit) for HAL_SPI_Transmit
    main.o(.text.main) refers to puts.o(i.puts) for puts
    main.o(.text.main) refers to tim.o(.bss.htim1) for htim1
    main.o(.text.main) refers to stm32u5xx_hal_tim.o(.text.HAL_TIM_PWM_Start) for HAL_TIM_PWM_Start
    main.o(.text.main) refers to stm32u5xx_nucleo.o(.text.BSP_LED_Init) for BSP_LED_Init
    main.o(.text.main) refers to stm32u5xx_nucleo.o(.text.BSP_PB_Init) for BSP_PB_Init
    main.o(.text.main) refers to main.o(.bss..L_MergedGlobals) for .L_MergedGlobals
    main.o(.text.main) refers to stm32u5xx_nucleo.o(.text.BSP_COM_Init) for BSP_COM_Init
    main.o(.text.main) refers to stm32u5xx_nucleo.o(.text.BSP_LED_On) for BSP_LED_On
    main.o(.text.main) refers to main.o(.rodata.str1.1) for .L.str.2
[...]
    [Anonymous Symbol]                       0x0800d488   Section        0  stm32u5xx_it.o(.text.SVC_Handler)
    [Anonymous Symbol]                       0x0800d48c   Section        0  stm32u5xx_it.o(.text.SysTick_Handler)
    [Anonymous Symbol]                       0x0800d490   Section        0  main.o(.text.SystemClock_Config)
    [Anonymous Symbol]                       0x0800d544   Section        0  system_stm32u5xx.o(.text.SystemInit)
    [Anonymous Symbol]                       0x0800d590   Section        0  stm32u5xx_it.o(.text.TIM7_IRQHandler)
    [Anonymous Symbol]                       0x0800d59c   Section        0  stm32u5xx_hal_tim.o(.text.TIM_Base_SetConfig)
    [Anonymous Symbol]                       0x0800d81c   Section        0  stm32u5xx_hal_tim.o(.text.TIM_CCxChannelCmd)
    TIM_OC1_SetConfig                        0x0800d9a1   Thumb Code   488  stm32u5xx_hal_tim.o(.text.TIM_OC1_SetConfig)
    [Anonymous Symbol]                       0x0800d9a0   Section        0  stm32u5xx_hal_tim.o(.text.TIM_OC1_SetConfig)
    [Anonymous Symbol]                       0x0800db88   Section        0  stm32u5xx_hal_tim.o(.text.TIM_OC2_SetConfig)
    TIM_OC3_SetConfig                        0x0800dd1d   Thumb Code   404  stm32u5xx_hal_tim.o(.text.TIM_OC3_SetConfig)
    [Anonymous Symbol]                       0x0800dd1c   Section        0  stm32u5xx_hal_tim.o(.text.TIM_OC3_SetConfig)
    TIM_OC4_SetConfig                        0x0800deb1   Thumb Code   404  stm32u5xx_hal_tim.o(.text.TIM_OC4_SetConfig)
    [Anonymous Symbol]                       0x0800deb0   Section        0  stm32u5xx_hal_tim.o(.text.TIM_OC4_SetConfig)
    [Anonymous Symbol]                       0x0800e044   Section        0  stm32u5xx_hal_uart.o(.text.UART_AdvFeatureConfig)
    [Anonymous Symbol]                       0x0800e2fc   Section        0  stm32u5xx_hal_uart.o(.text.UART_CheckIdleState)
    [Anonymous Symbol]                       0x0800e468   Section        0  stm32u5xx_hal_uart.o(.text.UART_SetConfig)
    [Anonymous Symbol]                       0x0800e80c   Section        0  stm32u5xx_hal_uart.o(.text.UART_WaitOnFlagUntilTimeout)
    [Anonymous Symbol]                       0x0800eb40   Section        0  stm32u5xx_it.o(.text.UsageFault_Handler)
    [Anonymous Symbol]                       0x0800eb44   Section        0  main.o(.text.assert_failed)
    [Anonymous Symbol]                       0x0800eb48   Section        0  stm32u5xx_nucleo.o(.text.fputc)
    [Anonymous Symbol]                       0x0800eb7c   Section        0  main.o(.text.main)
    i.__0printf$8                            0x0800efd4   Section        0  printf8.o(i.__0printf$8)
    i.__scatterload_copy                     0x0800eff4   Section       14  handlers.o(i.__scatterload_copy)
    i.__scatterload_null                     0x0800f002   Section        2  handlers.o(i.__scatterload_null)
    i.__scatterload_zeroinit                 0x0800f004   Section       14  handlers.o(i.__scatterload_zeroinit)
    _printf_core                             0x0800f015   Thumb Code   996  printf8.o(i._printf_core)
    i._printf_core                           0x0800f014   Section        0  printf8.o(i._printf_core)
    _printf_post_padding                     0x0800f425   Thumb Code    36  printf8.o(i._printf_post_padding)
    i._printf_post_padding                   0x0800f424   Section        0  printf8.o(i._printf_post_padding)
    _printf_pre_padding                      0x0800f449   Thumb Code    46  printf8.o(i._printf_pre_padding)
    i._printf_pre_padding                    0x0800f448   Section        0  printf8.o(i._printf_pre_padding)
    i.putchar                                0x0800f478   Section        0  putchar.o(i.putchar)
    i.puts                                   0x0800f484   Section        0  puts.o(i.puts)
    LED_PIN                                  0x0800f4c0   Data           6  stm32u5xx_nucleo.o(.rodata.LED_PIN)
    [Anonymous Symbol]                       0x0800f4c0   Section        0  stm32u5xx_nucleo.o(.rodata.LED_PIN)
    LED_PORT                                 0x0800f4c8   Data          12  stm32u5xx_nucleo.o(.rodata.LED_PORT)
    [Anonymous Symbol]                       0x0800f4c8   Section        0  stm32u5xx_nucleo.o(.rodata.LED_PORT)
    LPGPIO_Map                               0x0800f4d4   Data         128  stm32u5xx_hal_gpio.o(.rodata.LPGPIO_Map)
    [Anonymous Symbol]                       0x0800f4d4   Section        0  stm32u5xx_hal_gpio.o(.rodata.LPGPIO_Map)
    .L.str.7                                 0x0800f5ac   Data          44  main.o(.rodata.str1.1)
    [Anonymous Symbol]                       0x0800f5ac   Section        0  main.o(.rodata.str1.1)
    .Lstr.9                                  0x0800f5d8   Data           2  main.o(.rodata.str1.1)
    .L.str.2                                 0x0800f5da   Data           3  main.o(.rodata.str1.1)
    .L.str                                   0x0800f5dd   Data          56  stm32u5xx_hal_adc.o(.rodata.str1.1)
    [Anonymous Symbol]                       0x0800f5dd   Section        0  stm32u5xx_hal_adc.o(.rodata.str1.1)
    .L.str                                   0x0800f615   Data          59  stm32u5xx_hal_adc_ex.o(.rodata.str1.1)
    [Anonymous Symbol]                       0x0800f615   Section        0  stm32u5xx_hal_adc_ex.o(.rodata.str1.1)
    .L.str                                   0x0800f650   Data          56  stm32u5xx_hal_dma.o(.rodata.str1.1)
    [Anonymous Symbol]                       0x0800f650   Section        0  stm32u5xx_hal_dma.o(.rodata.str1.1)
    .L.str                                   0x0800f688   Data          59  stm32u5xx_hal_dma_ex.o(.rodata.str1.1)
    [Anonymous Symbol]                       0x0800f688   Section        0  stm32u5xx_hal_dma_ex.o(.rodata.str1.1)
    .L.str                                   0x0800f6c3   Data          56  stm32u5xx_hal_i2c.o(.rodata.str1.1)
    [Anonymous Symbol]                       0x0800f6c3   Section        0  stm32u5xx_hal_i2c.o(.rodata.str1.1)
    .L.str                                   0x0800f6fb   Data          59  stm32u5xx_hal_i2c_ex.o(.rodata.str1.1)
    [Anonymous Symbol]                       0x0800f6fb   Section        0  stm32u5xx_hal_i2c_ex.o(.rodata.str1.1)
    .L.str                                   0x0800f736   Data          56  stm32u5xx_hal_rcc.o(.rodata.str1.1)
    [Anonymous Symbol]                       0x0800f736   Section        0  stm32u5xx_hal_rcc.o(.rodata.str1.1)
    .L.str                                   0x0800f76e   Data          59  stm32u5xx_hal_rcc_ex.o(.rodata.str1.1)
    [Anonymous Symbol]                       0x0800f76e   Section        0  stm32u5xx_hal_rcc_ex.o(.rodata.str1.1)
    .L.str                                   0x0800f7a9   Data          59  stm32u5xx_hal_cortex.o(.rodata.str1.1)
    [Anonymous Symbol]                       0x0800f7a9   Section        0  stm32u5xx_hal_cortex.o(.rodata.str1.1)
    .L.str                                   0x0800f7e4   Data          57  stm32u5xx_hal_gpio.o(.rodata.str1.1)
    [Anonymous Symbol]                       0x0800f7e4   Section        0  stm32u5xx_hal_gpio.o(.rodata.str1.1)
    .L.str                                   0x0800f81d   Data          57  stm32u5xx_hal_exti.o(.rodata.str1.1)
    [Anonymous Symbol]                       0x0800f81d   Section        0  stm32u5xx_hal_exti.o(.rodata.str1.1)
    .L.str                                   0x0800f856   Data          59  stm32u5xx_hal_pwr_ex.o(.rodata.str1.1)
    [Anonymous Symbol]                       0x0800f856   Section        0  stm32u5xx_hal_pwr_ex.o(.rodata.str1.1)
    .L.str                                   0x0800f891   Data          59  stm32u5xx_hal_icache.o(.rodata.str1.1)
    [Anonymous Symbol]                       0x0800f891   Section        0  stm32u5xx_hal_icache.o(.rodata.str1.1)
    .L.str                                   0x0800f8cc   Data          56  stm32u5xx_hal_spi.o(.rodata.str1.1)
    [Anonymous Symbol]                       0x0800f8cc   Section        0  stm32u5xx_hal_spi.o(.rodata.str1.1)
    .L.str                                   0x0800f904   Data          59  stm32u5xx_hal_spi_ex.o(.rodata.str1.1)
    [Anonymous Symbol]                       0x0800f904   Section        0  stm32u5xx_hal_spi_ex.o(.rodata.str1.1)
    .L.str                                   0x0800f93f   Data          56  stm32u5xx_hal_tim.o(.rodata.str1.1)
    [Anonymous Symbol]                       0x0800f93f   Section        0  stm32u5xx_hal_tim.o(.rodata.str1.1)
    .L.str                                   0x0800f977   Data          59  stm32u5xx_hal_tim_ex.o(.rodata.str1.1)
    [Anonymous Symbol]                       0x0800f977   Section        0  stm32u5xx_hal_tim_ex.o(.rodata.str1.1)
    .L.str                                   0x0800f9b2   Data          57  stm32u5xx_hal_uart.o(.rodata.str1.1)
    [Anonymous Symbol]                       0x0800f9b2   Section        0  stm32u5xx_hal_uart.o(.rodata.str1.1)
    .data                                    0x20000000   Section        4  stdout.o(.data)
    .L_MergedGlobals                         0x20000004   Data           8  stm32u5xx_hal.o(.data..L_MergedGlobals)
    [Anonymous Symbol]                       0x20000004   Section        0  stm32u5xx_hal.o(.data..L_MergedGlobals)
    .L_MergedGlobals                         0x20000018   Data          36  main.o(.bss..L_MergedGlobals)
    app_state                                0x20000018   Data           1  main.o(.bss..L_MergedGlobals)
    [Anonymous Symbol]                       0x20000018   Section        0  main.o(.bss..L_MergedGlobals)
    one_sec_tick                             0x20000019   Data           1  main.o(.bss..L_MergedGlobals)
    temp_samples_this_sec                    0x2000001a   Data           2  main.o(.bss..L_MergedGlobals)
    temp_sec_count_snapshot                  0x2000001c   Data           2  main.o(.bss..L_MergedGlobals)
    temp_wi                                  0x2000001e   Data           2  main.o(.bss..L_MergedGlobals)
    seconds_counter                          0x20000024   Data           4  main.o(.bss..L_MergedGlobals)
    eda_win_ptr                              0x20000028   Data           4  main.o(.bss..L_MergedGlobals)
    .L_MergedGlobals                         0x2000003c   Data          60  adc.o(.bss..L_MergedGlobals)
    [Anonymous Symbol]                       0x2000003c   Section        0  adc.o(.bss..L_MergedGlobals)
    COM_ActiveLogPort                        0x20000078   Data           1  stm32u5xx_nucleo.o(.bss.COM_ActiveLogPort)
    [Anonymous Symbol]                       0x20000078   Section        0  stm32u5xx_nucleo.o(.bss.COM_ActiveLogPort)
    eda_buf                                  0x2000007a   Data         800  main.o(.bss.eda_buf)
    [Anonymous Symbol]                       0x2000007a   Section        0  main.o(.bss.eda_buf)
    temp_ring                                0x20000708   Data         128  main.o(.bss.temp_ring)
    [Anonymous Symbol]                       0x20000708   Section        0  main.o(.bss.temp_ring)
    STACK                                    0x20000790   Section     1024  startup_stm32u5a5xx.o(STACK)

    Global Symbols

    Symbol Name                              Value     Ov Type        Size  Object(Section)

    BuildAttributes$$THM_ISAv4$E$P$D$K$B$S$7EM$8M$VFPi5$EXTD16$VFPS$VFMA$PE$A:L22UL41UL21$X:L11$S22US41US21$IEEE1$IW$~IW$USESV6$~STKCKD$USESV7$~SHL$OTIME$ROPI$EBA8$MICROLIB$REQ8$PRES8$EABIv2 0x00000000   Number         0  anon$$obj.o ABSOLUTE
    _printf_a                                0x00000000   Number         0  printfstubs.o ABSOLUTE
    _printf_c                                0x00000000   Number         0  printfstubs.o ABSOLUTE
    _printf_charcount                        0x00000000   Number         0  printfstubs.o ABSOLUTE
    _printf_d                                0x00000000   Number         0  printfstubs.o ABSOLUTE
    _printf_e                                0x00000000   Number         0  printfstubs.o ABSOLUTE
    _printf_f                                0x00000000   Number         0  printfstubs.o ABSOLUTE
    _printf_flags                            0x00000000   Number         0  printfstubs.o ABSOLUTE
    _printf_fp_dec                           0x00000000   Number         0  printfstubs.o ABSOLUTE
    _printf_fp_hex                           0x00000000   Number         0  printfstubs.o ABSOLUTE
    _printf_g                                0x00000000   Number         0  printfstubs.o ABSOLUTE
    _printf_i                                0x00000000   Number         0  printfstubs.o ABSOLUTE
    _printf_int_dec                          0x00000000   Number         0  printfstubs.o ABSOLUTE
    _printf_l                                0x00000000   Number         0  printfstubs.o ABSOLUTE
    _printf_lc                               0x00000000   Number         0  printfstubs.o ABSOLUTE
    _printf_ll                               0x00000000   Number         0  printfstubs.o ABSOLUTE
    _printf_lld                              0x00000000   Number         0  printfstubs.o ABSOLUTE
    _printf_lli                              0x00000000   Number         0  printfstubs.o ABSOLUTE
    _printf_llo                              0x00000000   Number         0  printfstubs.o ABSOLUTE
    _printf_llu                              0x00000000   Number         0  printfstubs.o ABSOLUTE
    _printf_llx                              0x00000000   Number         0  printfstubs.o ABSOLUTE
    _printf_longlong_dec                     0x00000000   Number         0  printfstubs.o ABSOLUTE
    _printf_longlong_hex                     0x00000000   Number         0  printfstubs.o ABSOLUTE
    _printf_longlong_oct                     0x00000000   Number         0  printfstubs.o ABSOLUTE
    _printf_ls                               0x00000000   Number         0  printfstubs.o ABSOLUTE
    _printf_mbtowc                           0x00000000   Number         0  printfstubs.o ABSOLUTE
    _printf_n                                0x00000000   Number         0  printfstubs.o ABSOLUTE
    _printf_o                                0x00000000   Number         0  printfstubs.o ABSOLUTE
    _printf_p                                0x00000000   Number         0  printfstubs.o ABSOLUTE
    _printf_percent                          0x00000000   Number         0  printfstubs.o ABSOLUTE
    _printf_pre_padding                      0x00000000   Number         0  printfstubs.o ABSOLUTE
    _printf_return_value                     0x00000000   Number         0  printfstubs.o ABSOLUTE
    _printf_s                                0x00000000   Number         0  printfstubs.o ABSOLUTE
    _printf_sizespec                         0x00000000   Number         0  printfstubs.o ABSOLUTE
    _printf_str                              0x00000000   Number         0  printfstubs.o ABSOLUTE
    _printf_truncate_signed                  0x00000000   Number         0  printfstubs.o ABSOLUTE
    _printf_truncate_unsigned                0x00000000   Number         0  printfstubs.o ABSOLUTE
    _printf_u                                0x00000000   Number         0  printfstubs.o ABSOLUTE
    _printf_wc                               0x00000000   Number         0  printfstubs.o ABSOLUTE
    _printf_wctomb                           0x00000000   Number         0  printfstubs.o ABSOLUTE
    _printf_widthprec                        0x00000000   Number         0  printfstubs.o ABSOLUTE
    _printf_x                                0x00000000   Number         0  printfstubs.o ABSOLUTE
    __cpp_initialize__aeabi_                  - Undefined Weak Reference
    __cxa_finalize                            - Undefined Weak Reference
    __decompress                              - Undefined Weak Reference
    _clock_init                               - Undefined Weak Reference
    _microlib_exit                            - Undefined Weak Reference
    __Vectors_Size                           0x00000250   Number         0  startup_stm32u5a5xx.o ABSOLUTE
    __Vectors                                0x08000000   Data           4  startup_stm32u5a5xx.o(RESET)
    __Vectors_End                            0x08000250   Data           0  startup_stm32u5a5xx.o(RESET)
    __main                                   0x08000251   Thumb Code     0  entry.o(.ARM.Collect$$$$00000000)
    _main_stk                                0x08000251   Thumb Code     0  entry2.o(.ARM.Collect$$$$00000001)
    _main_scatterload                        0x08000255   Thumb Code     0  entry5.o(.ARM.Collect$$$$00000004)
    __main_after_scatterload                 0x08000259   Thumb Code     0  entry5.o(.ARM.Collect$$$$00000004)
    _main_clock                              0x08000259   Thumb Code     0  entry7b.o(.ARM.Collect$$$$00000008)
    _main_cpp_init                           0x08000259   Thumb Code     0  entry8b.o(.ARM.Collect$$$$0000000A)
    _main_init                               0x08000259   Thumb Code     0  entry9a.o(.ARM.Collect$$$$0000000B)
    __rt_final_cpp                           0x08000261   Thumb Code     0  entry10a.o(.ARM.Collect$$$$0000000D)
    __rt_final_exit                          0x08000261   Thumb Code     0  entry11a.o(.ARM.Collect$$$$0000000F)
    Reset_Handler                            0x08000265   Thumb Code     8  startup_stm32u5a5xx.o(.text)
    SecureFault_Handler                      0x08000277   Thumb Code     2  startup_stm32u5a5xx.o(.text)
    ADC1_2_IRQHandler                        0x08000281   Thumb Code     0  startup_stm32u5a5xx.o(.text)
    ADC4_IRQHandler                          0x08000281   Thumb Code     0  startup_stm32u5a5xx.o(.text)
    ADF1_IRQHandler                          0x08000281   Thumb Code     0  startup_stm32u5a5xx.o(.text)
    AES_IRQHandler                           0x08000281   Thumb Code     0  startup_stm32u5a5xx.o(.text)
    COMP_IRQHandler                          0x08000281   Thumb Code     0  startup_stm32u5a5xx.o(.text)
    CORDIC_IRQHandler                        0x08000281   Thumb Code     0  startup_stm32u5a5xx.o(.text)
    CRS_IRQHandler                           0x08000281   Thumb Code     0  startup_stm32u5a5xx.o(.text)
    DAC1_IRQHandler                          0x08000281   Thumb Code     0  startup_stm32u5a5xx.o(.text)
    DCACHE1_IRQHandler                       0x08000281   Thumb Code     0  startup_stm32u5a5xx.o(.text)
    DCMI_PSSI_IRQHandler                     0x08000281   Thumb Code     0  startup_stm32u5a5xx.o(.text)
    DMA2D_IRQHandler                         0x08000281   Thumb Code     0  startup_stm32u5a5xx.o(.text)
    EXTI0_IRQHandler                         0x08000281   Thumb Code     0  startup_stm32u5a5xx.o(.text)
    EXTI10_IRQHandler                        0x08000281   Thumb Code     0  startup_stm32u5a5xx.o(.text)
    EXTI11_IRQHandler                        0x08000281   Thumb Code     0  startup_stm32u5a5xx.o(.text)
    EXTI12_IRQHandler                        0x08000281   Thumb Code     0  startup_stm32u5a5xx.o(.text)
    EXTI14_IRQHandler                        0x08000281   Thumb Code     0  startup_stm32u5a5xx.o(.text)
    EXTI15_IRQHandler                        0x08000281   Thumb Code     0  startup_stm32u5a5xx.o(.text)
    EXTI2_IRQHandler                         0x08000281   Thumb Code     0  startup_stm32u5a5xx.o(.text)
    EXTI3_IRQHandler                         0x08000281   Thumb Code     0  startup_stm32u5a5xx.o(.text)
    EXTI4_IRQHandler                         0x08000281   Thumb Code     0  startup_stm32u5a5xx.o(.text)
    EXTI5_IRQHandler                         0x08000281   Thumb Code     0  startup_stm32u5a5xx.o(.text)
    EXTI6_IRQHandler                         0x08000281   Thumb Code     0  startup_stm32u5a5xx.o(.text)
    EXTI7_IRQHandler                         0x08000281   Thumb Code     0  startup_stm32u5a5xx.o(.text)
    EXTI8_IRQHandler                         0x08000281   Thumb Code     0  startup_stm32u5a5xx.o(.text)
    EXTI9_IRQHandler                         0x08000281   Thumb Code     0  startup_stm32u5a5xx.o(.text)
    FDCAN1_IT0_IRQHandler                    0x08000281   Thumb Code     0  startup_stm32u5a5xx.o(.text)
    FDCAN1_IT1_IRQHandler                    0x08000281   Thumb Code     0  startup_stm32u5a5xx.o(.text)
    FLASH_IRQHandler                         0x08000281   Thumb Code     0  startup_stm32u5a5xx.o(.text)
    FLASH_S_IRQHandler                       0x08000281   Thumb Code     0  startup_stm32u5a5xx.o(.text)
    FMAC_IRQHandler                          0x08000281   Thumb Code     0  startup_stm32u5a5xx.o(.text)
    FMC_IRQHandler                           0x08000281   Thumb Code     0  startup_stm32u5a5xx.o(.text)
    FPU_IRQHandler                           0x08000281   Thumb Code     0  startup_stm32u5a5xx.o(.text)
    GPDMA1_Channel10_IRQHandler              0x08000281   Thumb Code     0  startup_stm32u5a5xx.o(.text)
    GPDMA1_Channel11_IRQHandler              0x08000281   Thumb Code     0  startup_stm32u5a5xx.o(.text)
    GPDMA1_Channel12_IRQHandler              0x08000281   Thumb Code     0  startup_stm32u5a5xx.o(.text)
    GPDMA1_Channel13_IRQHandler              0x08000281   Thumb Code     0  startup_stm32u5a5xx.o(.text)
    GPDMA1_Channel14_IRQHandler              0x08000281   Thumb Code     0  startup_stm32u5a5xx.o(.text)
    GPDMA1_Channel15_IRQHandler              0x08000281   Thumb Code     0  startup_stm32u5a5xx.o(.text)
    GPDMA1_Channel1_IRQHandler               0x08000281   Thumb Code     0  startup_stm32u5a5xx.o(.text)
    GPDMA1_Channel2_IRQHandler               0x08000281   Thumb Code     0  startup_stm32u5a5xx.o(.text)
    GPDMA1_Channel3_IRQHandler               0x08000281   Thumb Code     0  startup_stm32u5a5xx.o(.text)
    GPDMA1_Channel4_IRQHandler               0x08000281   Thumb Code     0  startup_stm32u5a5xx.o(.text)
    GPDMA1_Channel5_IRQHandler               0x08000281   Thumb Code     0  startup_stm32u5a5xx.o(.text)
    GPDMA1_Channel6_IRQHandler               0x08000281   Thumb Code     0  startup_stm32u5a5xx.o(.text)
    GPDMA1_Channel7_IRQHandler               0x08000281   Thumb Code     0  startup_stm32u5a5xx.o(.text)
    GPDMA1_Channel8_IRQHandler               0x08000281   Thumb Code     0  startup_stm32u5a5xx.o(.text)
    GPDMA1_Channel9_IRQHandler               0x08000281   Thumb Code     0  startup_stm32u5a5xx.o(.text)
    GTZC_IRQHandler                          0x08000281   Thumb Code     0  startup_stm32u5a5xx.o(.text)
    HASH_IRQHandler                          0x08000281   Thumb Code     0  startup_stm32u5a5xx.o(.text)
    HSPI1_IRQHandler                         0x08000281   Thumb Code     0  startup_stm32u5a5xx.o(.text)
    I2C2_ER_IRQHandler                       0x08000281   Thumb Code     0  startup_stm32u5a5xx.o(.text)
    I2C2_EV_IRQHandler                       0x08000281   Thumb Code     0  startup_stm32u5a5xx.o(.text)
    I2C3_ER_IRQHandler                       0x08000281   Thumb Code     0  startup_stm32u5a5xx.o(.text)
    I2C3_EV_IRQHandler                       0x08000281   Thumb Code     0  startup_stm32u5a5xx.o(.text)
    I2C4_ER_IRQHandler                       0x08000281   Thumb Code     0  startup_stm32u5a5xx.o(.text)
    I2C4_EV_IRQHandler                       0x08000281   Thumb Code     0  startup_stm32u5a5xx.o(.text)
    I2C5_ER_IRQHandler                       0x08000281   Thumb Code     0  startup_stm32u5a5xx.o(.text)
    I2C5_EV_IRQHandler                       0x08000281   Thumb Code     0  startup_stm32u5a5xx.o(.text)
    I2C6_ER_IRQHandler                       0x08000281   Thumb Code     0  startup_stm32u5a5xx.o(.text)
    I2C6_EV_IRQHandler                       0x08000281   Thumb Code     0  startup_stm32u5a5xx.o(.text)
    ICACHE_IRQHandler                        0x08000281   Thumb Code     0  startup_stm32u5a5xx.o(.text)
    IWDG_IRQHandler                          0x08000281   Thumb Code     0  startup_stm32u5a5xx.o(.text)
    LPDMA1_Channel0_IRQHandler               0x08000281   Thumb Code     0  startup_stm32u5a5xx.o(.text)
    LPDMA1_Channel1_IRQHandler               0x08000281   Thumb Code     0  startup_stm32u5a5xx.o(.text)
    LPDMA1_Channel2_IRQHandler               0x08000281   Thumb Code     0  startup_stm32u5a5xx.o(.text)
    LPDMA1_Channel3_IRQHandler               0x08000281   Thumb Code     0  startup_stm32u5a5xx.o(.text)
    LPTIM1_IRQHandler                        0x08000281   Thumb Code     0  startup_stm32u5a5xx.o(.text)
    LPTIM2_IRQHandler                        0x08000281   Thumb Code     0  startup_stm32u5a5xx.o(.text)
    LPTIM3_IRQHandler                        0x08000281   Thumb Code     0  startup_stm32u5a5xx.o(.text)
    LPTIM4_IRQHandler                        0x08000281   Thumb Code     0  startup_stm32u5a5xx.o(.text)
    LPUART1_IRQHandler                       0x08000281   Thumb Code     0  startup_stm32u5a5xx.o(.text)
    LSECSSD_IRQHandler                       0x08000281   Thumb Code     0  startup_stm32u5a5xx.o(.text)
    MDF1_FLT0_IRQHandler                     0x08000281   Thumb Code     0  startup_stm32u5a5xx.o(.text)
    MDF1_FLT1_IRQHandler                     0x08000281   Thumb Code     0  startup_stm32u5a5xx.o(.text)
    MDF1_FLT2_IRQHandler                     0x08000281   Thumb Code     0  startup_stm32u5a5xx.o(.text)
    MDF1_FLT3_IRQHandler                     0x08000281   Thumb Code     0  startup_stm32u5a5xx.o(.text)
    MDF1_FLT4_IRQHandler                     0x08000281   Thumb Code     0  startup_stm32u5a5xx.o(.text)
    MDF1_FLT5_IRQHandler                     0x08000281   Thumb Code     0  startup_stm32u5a5xx.o(.text)
    OCTOSPI1_IRQHandler                      0x08000281   Thumb Code     0  startup_stm32u5a5xx.o(.text)
    OCTOSPI2_IRQHandler                      0x08000281   Thumb Code     0  startup_stm32u5a5xx.o(.text)
    OTFDEC1_IRQHandler                       0x08000281   Thumb Code     0  startup_stm32u5a5xx.o(.text)
    OTFDEC2_IRQHandler                       0x08000281   Thumb Code     0  startup_stm32u5a5xx.o(.text)
    OTG_HS_IRQHandler                        0x08000281   Thumb Code     0  startup_stm32u5a5xx.o(.text)
    PKA_IRQHandler                           0x08000281   Thumb Code     0  startup_stm32u5a5xx.o(.text)
    PVD_PVM_IRQHandler                       0x08000281   Thumb Code     0  startup_stm32u5a5xx.o(.text)
    PWR_S3WU_IRQHandler                      0x08000281   Thumb Code     0  startup_stm32u5a5xx.o(.text)
    RAMCFG_IRQHandler                        0x08000281   Thumb Code     0  startup_stm32u5a5xx.o(.text)
    RCC_IRQHandler                           0x08000281   Thumb Code     0  startup_stm32u5a5xx.o(.text)
    RCC_S_IRQHandler                         0x08000281   Thumb Code     0  startup_stm32u5a5xx.o(.text)
    RNG_IRQHandler                           0x08000281   Thumb Code     0  startup_stm32u5a5xx.o(.text)
    RTC_IRQHandler                           0x08000281   Thumb Code     0  startup_stm32u5a5xx.o(.text)
    RTC_S_IRQHandler                         0x08000281   Thumb Code     0  startup_stm32u5a5xx.o(.text)
    SAES_IRQHandler                          0x08000281   Thumb Code     0  startup_stm32u5a5xx.o(.text)
    SAI1_IRQHandler                          0x08000281   Thumb Code     0  startup_stm32u5a5xx.o(.text)
    SAI2_IRQHandler                          0x08000281   Thumb Code     0  startup_stm32u5a5xx.o(.text)
    SDMMC1_IRQHandler                        0x08000281   Thumb Code     0  startup_stm32u5a5xx.o(.text)
    SDMMC2_IRQHandler                        0x08000281   Thumb Code     0  startup_stm32u5a5xx.o(.text)
    SPI1_IRQHandler                          0x08000281   Thumb Code     0  startup_stm32u5a5xx.o(.text)
    SPI2_IRQHandler                          0x08000281   Thumb Code     0  startup_stm32u5a5xx.o(.text)
    SPI3_IRQHandler                          0x08000281   Thumb Code     0  startup_stm32u5a5xx.o(.text)
    TAMP_IRQHandler                          0x08000281   Thumb Code     0  startup_stm32u5a5xx.o(.text)
    TIM15_IRQHandler                         0x08000281   Thumb Code     0  startup_stm32u5a5xx.o(.text)
    TIM16_IRQHandler                         0x08000281   Thumb Code     0  startup_stm32u5a5xx.o(.text)
    TIM17_IRQHandler                         0x08000281   Thumb Code     0  startup_stm32u5a5xx.o(.text)
    TIM1_BRK_IRQHandler                      0x08000281   Thumb Code     0  startup_stm32u5a5xx.o(.text)
    TIM1_CC_IRQHandler                       0x08000281   Thumb Code     0  startup_stm32u5a5xx.o(.text)
    TIM1_TRG_COM_IRQHandler                  0x08000281   Thumb Code     0  startup_stm32u5a5xx.o(.text)
    TIM1_UP_IRQHandler                       0x08000281   Thumb Code     0  startup_stm32u5a5xx.o(.text)
    TIM2_IRQHandler                          0x08000281   Thumb Code     0  startup_stm32u5a5xx.o(.text)
    TIM3_IRQHandler                          0x08000281   Thumb Code     0  startup_stm32u5a5xx.o(.text)
    TIM4_IRQHandler                          0x08000281   Thumb Code     0  startup_stm32u5a5xx.o(.text)
    TIM5_IRQHandler                          0x08000281   Thumb Code     0  startup_stm32u5a5xx.o(.text)
    TIM6_IRQHandler                          0x08000281   Thumb Code     0  startup_stm32u5a5xx.o(.text)
    TIM8_BRK_IRQHandler                      0x08000281   Thumb Code     0  startup_stm32u5a5xx.o(.text)
    TIM8_CC_IRQHandler                       0x08000281   Thumb Code     0  startup_stm32u5a5xx.o(.text)
    TIM8_TRG_COM_IRQHandler                  0x08000281   Thumb Code     0  startup_stm32u5a5xx.o(.text)
    TIM8_UP_IRQHandler                       0x08000281   Thumb Code     0  startup_stm32u5a5xx.o(.text)
    TSC_IRQHandler                           0x08000281   Thumb Code     0  startup_stm32u5a5xx.o(.text)
    UART4_IRQHandler                         0x08000281   Thumb Code     0  startup_stm32u5a5xx.o(.text)
    UART5_IRQHandler                         0x08000281   Thumb Code     0  startup_stm32u5a5xx.o(.text)
    UCPD1_IRQHandler                         0x08000281   Thumb Code     0  startup_stm32u5a5xx.o(.text)
    USART1_IRQHandler                        0x08000281   Thumb Code     0  startup_stm32u5a5xx.o(.text)
    USART2_IRQHandler                        0x08000281   Thumb Code     0  startup_stm32u5a5xx.o(.text)
    USART3_IRQHandler                        0x08000281   Thumb Code     0  startup_stm32u5a5xx.o(.text)
    USART6_IRQHandler                        0x08000281   Thumb Code     0  startup_stm32u5a5xx.o(.text)
    WWDG_IRQHandler                          0x08000281   Thumb Code     0  startup_stm32u5a5xx.o(.text)
    __aeabi_uldivmod                         0x0800028d   Thumb Code    98  uldiv.o(.text)
    __aeabi_memcpy                           0x080002ef   Thumb Code    36  memcpya.o(.text)
    __aeabi_memcpy4                          0x080002ef   Thumb Code     0  memcpya.o(.text)
    __aeabi_memcpy8                          0x080002ef   Thumb Code     0  memcpya.o(.text)
    __aeabi_memset                           0x08000313   Thumb Code    14  memseta.o(.text)
    __aeabi_memset4                          0x08000313   Thumb Code     0  memseta.o(.text)
    __aeabi_memset8                          0x08000313   Thumb Code     0  memseta.o(.text)
    __aeabi_memclr                           0x08000321   Thumb Code     4  memseta.o(.text)
    __aeabi_memclr4                          0x08000321   Thumb Code     0  memseta.o(.text)
    __aeabi_memclr8                          0x08000321   Thumb Code     0  memseta.o(.text)
    _memset$wrapper                          0x08000325   Thumb Code    18  memseta.o(.text)
    __aeabi_llsl                             0x08000337   Thumb Code    30  llshl.o(.text)
    _ll_shift_l                              0x08000337   Thumb Code     0  llshl.o(.text)
    __aeabi_llsr                             0x08000355   Thumb Code    32  llushr.o(.text)
    _ll_ushift_r                             0x08000355   Thumb Code     0  llushr.o(.text)
    __scatterload                            0x08000375   Thumb Code    38  init.o(.text)
    __scatterload_rt2                        0x08000375   Thumb Code     0  init.o(.text)
    ADC_DMAConvCplt                          0x080003a5   Thumb Code    98  stm32u5xx_hal_adc.o(.text.ADC_DMAConvCplt)
    ADC_DMAError                             0x08000409   Thumb Code    22  stm32u5xx_hal_adc.o(.text.ADC_DMAError)
    ADC_DMAHalfConvCplt                      0x08000421   Thumb Code     6  stm32u5xx_hal_adc.o(.text.ADC_DMAHalfConvCplt)
    ADC_Disable                              0x08000429   Thumb Code   124  stm32u5xx_hal_adc.o(.text.ADC_Disable)
    ADC_Enable                               0x080004a5   Thumb Code   192  stm32u5xx_hal_adc.o(.text.ADC_Enable)
    BSP_COM_Init                             0x08000565   Thumb Code   168  stm32u5xx_nucleo.o(.text.BSP_COM_Init)
    BSP_LED_Init                             0x0800060d   Thumb Code   186  stm32u5xx_nucleo.o(.text.BSP_LED_Init)
    BSP_LED_On                               0x080006c9   Thumb Code    48  stm32u5xx_nucleo.o(.text.BSP_LED_On)
    BSP_LED_Toggle                           0x080006f9   Thumb Code    46  stm32u5xx_nucleo.o(.text.BSP_LED_Toggle)
    BSP_PB_Callback                          0x08000729   Thumb Code    20  main.o(.text.BSP_PB_Callback)
    BSP_PB_IRQHandler                        0x0800073d   Thumb Code    20  stm32u5xx_nucleo.o(.text.BSP_PB_IRQHandler)
    BSP_PB_Init                              0x08000751   Thumb Code   152  stm32u5xx_nucleo.o(.text.BSP_PB_Init)
    BusFault_Handler                         0x080007f1   Thumb Code     2  stm32u5xx_it.o(.text.BusFault_Handler)
    DebugMon_Handler                         0x080009e9   Thumb Code     2  stm32u5xx_it.o(.text.DebugMon_Handler)
    EXTI13_IRQHandler                        0x080009ed   Thumb Code     6  stm32u5xx_it.o(.text.EXTI13_IRQHandler)
    EXTI1_IRQHandler                         0x080009f5   Thumb Code     6  stm32u5xx_it.o(.text.EXTI1_IRQHandler)
    Error_Handler                            0x080009fd   Thumb Code     6  main.o(.text.Error_Handler)
    GPDMA1_Channel0_IRQHandler               0x08000a05   Thumb Code    12  stm32u5xx_it.o(.text.GPDMA1_Channel0_IRQHandler)
    HAL_ADCEx_Calibration_Start              0x08000a11   Thumb Code   776  stm32u5xx_hal_adc_ex.o(.text.HAL_ADCEx_Calibration_Start)
    HAL_ADC_ConfigChannel                    0x08000d19   Thumb Code  3396  stm32u5xx_hal_adc.o(.text.HAL_ADC_ConfigChannel)
    HAL_ADC_ConvCpltCallback                 0x08001a5d   Thumb Code    38  main.o(.text.HAL_ADC_ConvCpltCallback)
    HAL_ADC_ConvHalfCpltCallback             0x08001a85   Thumb Code    34  main.o(.text.HAL_ADC_ConvHalfCpltCallback)
    HAL_ADC_ErrorCallback                    0x08001aa9   Thumb Code     2  stm32u5xx_hal_adc.o(.text.HAL_ADC_ErrorCallback)
    HAL_ADC_Init                             0x08001aad   Thumb Code  2326  stm32u5xx_hal_adc.o(.text.HAL_ADC_Init)
    HAL_ADC_MspInit                          0x080023c5   Thumb Code   362  adc.o(.text.HAL_ADC_MspInit)
    HAL_ADC_Start_DMA                        0x08002531   Thumb Code   520  stm32u5xx_hal_adc.o(.text.HAL_ADC_Start_DMA)
    HAL_DMAEx_GetFifoLevel                   0x08002739   Thumb Code    10  stm32u5xx_hal_dma_ex.o(.text.HAL_DMAEx_GetFifoLevel)
    HAL_DMAEx_List_BuildNode                 0x08002745   Thumb Code  1102  stm32u5xx_hal_dma_ex.o(.text.HAL_DMAEx_List_BuildNode)
    HAL_DMAEx_List_GetNodeConfig             0x08002b95   Thumb Code   342  stm32u5xx_hal_dma_ex.o(.text.HAL_DMAEx_List_GetNodeConfig)
    HAL_DMAEx_List_Init                      0x08002ced   Thumb Code  2206  stm32u5xx_hal_dma_ex.o(.text.HAL_DMAEx_List_Init)
    HAL_DMAEx_List_InsertNode                0x0800358d   Thumb Code   330  stm32u5xx_hal_dma_ex.o(.text.HAL_DMAEx_List_InsertNode)
    HAL_DMAEx_List_LinkQ                     0x080036d9   Thumb Code   238  stm32u5xx_hal_dma_ex.o(.text.HAL_DMAEx_List_LinkQ)
    HAL_DMAEx_List_SetCircularMode           0x080037c9   Thumb Code   278  stm32u5xx_hal_dma_ex.o(.text.HAL_DMAEx_List_SetCircularMode)
    HAL_DMAEx_List_Start_IT                  0x080038e1   Thumb Code   200  stm32u5xx_hal_dma_ex.o(.text.HAL_DMAEx_List_Start_IT)
    HAL_DMA_Abort_IT                         0x080039a9   Thumb Code    40  stm32u5xx_hal_dma.o(.text.HAL_DMA_Abort_IT)
    HAL_DMA_ConfigChannelAttributes          0x080039d1   Thumb Code   104  stm32u5xx_hal_dma.o(.text.HAL_DMA_ConfigChannelAttributes)
    HAL_DMA_GetState                         0x08003a39   Thumb Code     6  stm32u5xx_hal_dma.o(.text.HAL_DMA_GetState)
    HAL_DMA_IRQHandler                       0x08003a41   Thumb Code   424  stm32u5xx_hal_dma.o(.text.HAL_DMA_IRQHandler)
    HAL_DMA_Start_IT                         0x08003be9   Thumb Code   208  stm32u5xx_hal_dma.o(.text.HAL_DMA_Start_IT)
    HAL_EXTI_GetHandle                       0x08003cb9   Thumb Code    88  stm32u5xx_hal_exti.o(.text.HAL_EXTI_GetHandle)
    HAL_EXTI_IRQHandler                      0x08003d11   Thumb Code    84  stm32u5xx_hal_exti.o(.text.HAL_EXTI_IRQHandler)
    HAL_EXTI_RegisterCallback                0x08003d65   Thumb Code    36  stm32u5xx_hal_exti.o(.text.HAL_EXTI_RegisterCallback)
    HAL_GPIO_EXTI_Falling_Callback           0x08003d89   Thumb Code     2  stm32u5xx_hal_gpio.o(.text.HAL_GPIO_EXTI_Falling_Callback)
    HAL_GPIO_EXTI_IRQHandler                 0x08003d8d   Thumb Code    46  stm32u5xx_hal_gpio.o(.text.HAL_GPIO_EXTI_IRQHandler)
    HAL_GPIO_EXTI_Rising_Callback            0x08003dbd   Thumb Code     2  stm32u5xx_hal_gpio.o(.text.HAL_GPIO_EXTI_Rising_Callback)
    HAL_GPIO_Init                            0x08003dc1   Thumb Code  2528  stm32u5xx_hal_gpio.o(.text.HAL_GPIO_Init)
    HAL_GPIO_TogglePin                       0x080047a1   Thumb Code    42  stm32u5xx_hal_gpio.o(.text.HAL_GPIO_TogglePin)
    HAL_GPIO_WritePin                        0x080047cd   Thumb Code    70  stm32u5xx_hal_gpio.o(.text.HAL_GPIO_WritePin)
    HAL_GetTick                              0x08004815   Thumb Code    12  stm32u5xx_hal.o(.text.HAL_GetTick)
    HAL_I2CEx_ConfigAnalogFilter             0x08004821   Thumb Code   308  stm32u5xx_hal_i2c_ex.o(.text.HAL_I2CEx_ConfigAnalogFilter)
    HAL_I2CEx_ConfigDigitalFilter            0x08004955   Thumb Code   302  stm32u5xx_hal_i2c_ex.o(.text.HAL_I2CEx_ConfigDigitalFilter)
    HAL_I2C_AbortCpltCallback                0x08004a85   Thumb Code     2  stm32u5xx_hal_i2c.o(.text.HAL_I2C_AbortCpltCallback)
    HAL_I2C_AddrCallback                     0x08004a89   Thumb Code     2  stm32u5xx_hal_i2c.o(.text.HAL_I2C_AddrCallback)
    HAL_I2C_ER_IRQHandler                    0x08004a8d   Thumb Code    96  stm32u5xx_hal_i2c.o(.text.HAL_I2C_ER_IRQHandler)
    HAL_I2C_EV_IRQHandler                    0x08004aed   Thumb Code    16  stm32u5xx_hal_i2c.o(.text.HAL_I2C_EV_IRQHandler)
    HAL_I2C_ErrorCallback                    0x08004afd   Thumb Code     2  stm32u5xx_hal_i2c.o(.text.HAL_I2C_ErrorCallback)
    HAL_I2C_Init                             0x08004b01   Thumb Code   628  stm32u5xx_hal_i2c.o(.text.HAL_I2C_Init)
    HAL_I2C_ListenCpltCallback               0x08004d75   Thumb Code     2  stm32u5xx_hal_i2c.o(.text.HAL_I2C_ListenCpltCallback)
    HAL_I2C_MspInit                          0x08004d79   Thumb Code   184  i2c.o(.text.HAL_I2C_MspInit)
    HAL_I2C_SlaveRxCpltCallback              0x08004e31   Thumb Code     2  stm32u5xx_hal_i2c.o(.text.HAL_I2C_SlaveRxCpltCallback)
    HAL_I2C_SlaveTxCpltCallback              0x08004e35   Thumb Code     2  stm32u5xx_hal_i2c.o(.text.HAL_I2C_SlaveTxCpltCallback)
    HAL_ICACHE_ConfigAssociativityMode       0x08004e39   Thumb Code    58  stm32u5xx_hal_icache.o(.text.HAL_ICACHE_ConfigAssociativityMode)
    HAL_ICACHE_Enable                        0x08004e75   Thumb Code    20  stm32u5xx_hal_icache.o(.text.HAL_ICACHE_Enable)
    HAL_IncTick                              0x08004e89   Thumb Code    26  stm32u5xx_hal.o(.text.HAL_IncTick)
    HAL_Init                                 0x08004ea5   Thumb Code    92  stm32u5xx_hal.o(.text.HAL_Init)
    HAL_InitTick                             0x08004f01   Thumb Code   168  stm32u5xx_hal.o(.text.HAL_InitTick)
    HAL_MspInit                              0x08004fa9   Thumb Code    44  stm32u5xx_hal_msp.o(.text.HAL_MspInit)
    HAL_NVIC_EnableIRQ                       0x08004fd5   Thumb Code    50  stm32u5xx_hal_cortex.o(.text.HAL_NVIC_EnableIRQ)
    HAL_NVIC_SetPriority                     0x08005009   Thumb Code   128  stm32u5xx_hal_cortex.o(.text.HAL_NVIC_SetPriority)
    HAL_NVIC_SetPriorityGrouping             0x08005089   Thumb Code    56  stm32u5xx_hal_cortex.o(.text.HAL_NVIC_SetPriorityGrouping)
    HAL_PWREx_ConfigSupply                   0x080050c1   Thumb Code   240  stm32u5xx_hal_pwr_ex.o(.text.HAL_PWREx_ConfigSupply)
    HAL_PWREx_ControlVoltageScaling          0x080051b1   Thumb Code   254  stm32u5xx_hal_pwr_ex.o(.text.HAL_PWREx_ControlVoltageScaling)
    HAL_PWREx_DisableUCPDDeadBattery         0x080052b1   Thumb Code    18  stm32u5xx_hal_pwr_ex.o(.text.HAL_PWREx_DisableUCPDDeadBattery)
    HAL_PWREx_EnableVddA                     0x080052c5   Thumb Code    18  stm32u5xx_hal_pwr_ex.o(.text.HAL_PWREx_EnableVddA)
    HAL_PWREx_EnableVddIO2                   0x080052d9   Thumb Code    18  stm32u5xx_hal_pwr_ex.o(.text.HAL_PWREx_EnableVddIO2)
    HAL_PWREx_GetVoltageRange                0x080052ed   Thumb Code    16  stm32u5xx_hal_pwr_ex.o(.text.HAL_PWREx_GetVoltageRange)
    HAL_PWR_DisableBkUpAccess                0x080052fd   Thumb Code    18  stm32u5xx_hal_pwr.o(.text.HAL_PWR_DisableBkUpAccess)
    HAL_PWR_EnableBkUpAccess                 0x08005311   Thumb Code    18  stm32u5xx_hal_pwr.o(.text.HAL_PWR_EnableBkUpAccess)
    HAL_RCCEx_EnableLSCO                     0x08005325   Thumb Code   134  stm32u5xx_hal_rcc_ex.o(.text.HAL_RCCEx_EnableLSCO)
    HAL_RCCEx_GetPLL1ClockFreq               0x080053ad   Thumb Code   380  stm32u5xx_hal_rcc_ex.o(.text.HAL_RCCEx_GetPLL1ClockFreq)
    HAL_RCCEx_GetPLL2ClockFreq               0x08005531   Thumb Code   380  stm32u5xx_hal_rcc_ex.o(.text.HAL_RCCEx_GetPLL2ClockFreq)
    HAL_RCCEx_GetPLL3ClockFreq               0x080056b5   Thumb Code   380  stm32u5xx_hal_rcc_ex.o(.text.HAL_RCCEx_GetPLL3ClockFreq)
    HAL_RCCEx_GetPeriphCLKFreq               0x08005839   Thumb Code  2786  stm32u5xx_hal_rcc_ex.o(.text.HAL_RCCEx_GetPeriphCLKFreq)
    HAL_RCCEx_PeriphCLKConfig                0x0800631d   Thumb Code  3012  stm32u5xx_hal_rcc_ex.o(.text.HAL_RCCEx_PeriphCLKConfig)
    HAL_RCC_ClockConfig                      0x08006ee1   Thumb Code  1152  stm32u5xx_hal_rcc.o(.text.HAL_RCC_ClockConfig)
    HAL_RCC_GetHCLKFreq                      0x0800739d   Thumb Code    44  stm32u5xx_hal_rcc.o(.text.HAL_RCC_GetHCLKFreq)
    HAL_RCC_GetPCLK1Freq                     0x080073c9   Thumb Code    62  stm32u5xx_hal_rcc.o(.text.HAL_RCC_GetPCLK1Freq)
    HAL_RCC_GetPCLK2Freq                     0x08007409   Thumb Code    62  stm32u5xx_hal_rcc.o(.text.HAL_RCC_GetPCLK2Freq)
    HAL_RCC_GetPCLK3Freq                     0x08007449   Thumb Code    62  stm32u5xx_hal_rcc.o(.text.HAL_RCC_GetPCLK3Freq)
    HAL_RCC_GetSysClockFreq                  0x08007489   Thumb Code   252  stm32u5xx_hal_rcc.o(.text.HAL_RCC_GetSysClockFreq)
    HAL_RCC_OscConfig                        0x08007591   Thumb Code  3884  stm32u5xx_hal_rcc.o(.text.HAL_RCC_OscConfig)
    HAL_SPIEx_SetConfigAutonomousMode        0x080084bd   Thumb Code   286  stm32u5xx_hal_spi_ex.o(.text.HAL_SPIEx_SetConfigAutonomousMode)
    HAL_SPI_Init                             0x080085dd   Thumb Code  1130  stm32u5xx_hal_spi.o(.text.HAL_SPI_Init)
    HAL_SPI_MspInit                          0x08008a49   Thumb Code   154  spi.o(.text.HAL_SPI_MspInit)
    HAL_SPI_Transmit                         0x08008ae5   Thumb Code   832  stm32u5xx_hal_spi.o(.text.HAL_SPI_Transmit)
    HAL_SYSTICK_CLKSourceConfig              0x08008e25   Thumb Code   140  stm32u5xx_hal_cortex.o(.text.HAL_SYSTICK_CLKSourceConfig)
    HAL_SYSTICK_Config                       0x08008eb1   Thumb Code    36  stm32u5xx_hal_cortex.o(.text.HAL_SYSTICK_Config)
    HAL_SYSTICK_GetCLKSourceConfig           0x08008ed5   Thumb Code    40  stm32u5xx_hal_cortex.o(.text.HAL_SYSTICK_GetCLKSourceConfig)
    HAL_TIMEx_Break2Callback                 0x08008f0d   Thumb Code     2  stm32u5xx_hal_tim_ex.o(.text.HAL_TIMEx_Break2Callback)
    HAL_TIMEx_BreakCallback                  0x08008f11   Thumb Code     2  stm32u5xx_hal_tim_ex.o(.text.HAL_TIMEx_BreakCallback)
    HAL_TIMEx_CommutCallback                 0x08008f15   Thumb Code     2  stm32u5xx_hal_tim_ex.o(.text.HAL_TIMEx_CommutCallback)
    HAL_TIMEx_ConfigBreakDeadTime            0x08008f19   Thumb Code   920  stm32u5xx_hal_tim_ex.o(.text.HAL_TIMEx_ConfigBreakDeadTime)
    HAL_TIMEx_DirectionChangeCallback        0x080092b1   Thumb Code     2  stm32u5xx_hal_tim_ex.o(.text.HAL_TIMEx_DirectionChangeCallback)
    HAL_TIMEx_EncoderIndexCallback           0x080092b5   Thumb Code     2  stm32u5xx_hal_tim_ex.o(.text.HAL_TIMEx_EncoderIndexCallback)
    HAL_TIMEx_IndexErrorCallback             0x080092b9   Thumb Code     2  stm32u5xx_hal_tim_ex.o(.text.HAL_TIMEx_IndexErrorCallback)
    HAL_TIMEx_MasterConfigSynchronization    0x080092bd   Thumb Code   778  stm32u5xx_hal_tim_ex.o(.text.HAL_TIMEx_MasterConfigSynchronization)
    HAL_TIMEx_TransitionErrorCallback        0x080095c9   Thumb Code     2  stm32u5xx_hal_tim_ex.o(.text.HAL_TIMEx_TransitionErrorCallback)
    HAL_TIM_Base_Init                        0x080095cd   Thumb Code   746  stm32u5xx_hal_tim.o(.text.HAL_TIM_Base_Init)
    HAL_TIM_Base_MspInit                     0x080098b9   Thumb Code   150  tim.o(.text.HAL_TIM_Base_MspInit)
    HAL_TIM_Base_Start                       0x08009951   Thumb Code   612  stm32u5xx_hal_tim.o(.text.HAL_TIM_Base_Start)
    HAL_TIM_Base_Start_IT                    0x08009bb5   Thumb Code   620  stm32u5xx_hal_tim.o(.text.HAL_TIM_Base_Start_IT)
    HAL_TIM_ConfigClockSource                0x08009e21   Thumb Code  3752  stm32u5xx_hal_tim.o(.text.HAL_TIM_ConfigClockSource)
    HAL_TIM_IC_CaptureCallback               0x0800acc9   Thumb Code     2  stm32u5xx_hal_tim.o(.text.HAL_TIM_IC_CaptureCallback)
    HAL_TIM_IRQHandler                       0x0800accd   Thumb Code   460  stm32u5xx_hal_tim.o(.text.HAL_TIM_IRQHandler)
    HAL_TIM_OC_DelayElapsedCallback          0x0800ae99   Thumb Code     2  stm32u5xx_hal_tim.o(.text.HAL_TIM_OC_DelayElapsedCallback)
    HAL_TIM_PWM_ConfigChannel                0x0800ae9d   Thumb Code  1972  stm32u5xx_hal_tim.o(.text.HAL_TIM_PWM_ConfigChannel)
    HAL_TIM_PWM_Init                         0x0800b651   Thumb Code   746  stm32u5xx_hal_tim.o(.text.HAL_TIM_PWM_Init)
    HAL_TIM_PWM_MspInit                      0x0800b93d   Thumb Code     2  stm32u5xx_hal_tim.o(.text.HAL_TIM_PWM_MspInit)
    HAL_TIM_PWM_PulseFinishedCallback        0x0800b941   Thumb Code     2  stm32u5xx_hal_tim.o(.text.HAL_TIM_PWM_PulseFinishedCallback)
    HAL_TIM_PWM_Start                        0x0800b945   Thumb Code  1256  stm32u5xx_hal_tim.o(.text.HAL_TIM_PWM_Start)
    HAL_TIM_PeriodElapsedCallback            0x0800be2d   Thumb Code    38  main.o(.text.HAL_TIM_PeriodElapsedCallback)
    HAL_TIM_TriggerCallback                  0x0800be55   Thumb Code     2  stm32u5xx_hal_tim.o(.text.HAL_TIM_TriggerCallback)
    HAL_UART_Init                            0x0800be59   Thumb Code   360  stm32u5xx_hal_uart.o(.text.HAL_UART_Init)
    HAL_UART_MspInit                         0x0800bfc1   Thumb Code     2  stm32u5xx_hal_uart.o(.text.HAL_UART_MspInit)
    HAL_UART_Transmit                        0x0800bfc5   Thumb Code   430  stm32u5xx_hal_uart.o(.text.HAL_UART_Transmit)
    HardFault_Handler                        0x0800c175   Thumb Code     2  stm32u5xx_it.o(.text.HardFault_Handler)
    I2C1_ER_IRQHandler                       0x0800c179   Thumb Code    12  stm32u5xx_it.o(.text.I2C1_ER_IRQHandler)
    I2C1_EV_IRQHandler                       0x0800c185   Thumb Code    12  stm32u5xx_it.o(.text.I2C1_EV_IRQHandler)
    MX_ADC1_Init                             0x0800cab9   Thumb Code   164  adc.o(.text.MX_ADC1_Init)
    MX_GPDMA1_Init                           0x0800cb5d   Thumb Code    52  gpdma.o(.text.MX_GPDMA1_Init)
    MX_GPIO_Init                             0x0800cb91   Thumb Code   298  gpio.o(.text.MX_GPIO_Init)
    MX_I2C1_Init                             0x0800ccbd   Thumb Code   112  i2c.o(.text.MX_I2C1_Init)
    MX_ICACHE_Init                           0x0800cd2d   Thumb Code    34  icache.o(.text.MX_ICACHE_Init)
    MX_SPI1_Init                             0x0800cd51   Thumb Code   140  spi.o(.text.MX_SPI1_Init)
    MX_TIM1_Init                             0x0800cddd   Thumb Code   350  tim.o(.text.MX_TIM1_Init)
    MX_TIM6_Init                             0x0800cf3d   Thumb Code    86  tim.o(.text.MX_TIM6_Init)
    MX_TIM7_Init                             0x0800cf95   Thumb Code    84  tim.o(.text.MX_TIM7_Init)
    MX_USART1_Init                           0x0800cfe9   Thumb Code    52  stm32u5xx_nucleo.o(.text.MX_USART1_Init)
    MemManage_Handler                        0x0800d01d   Thumb Code     2  stm32u5xx_it.o(.text.MemManage_Handler)
    NMI_Handler                              0x0800d021   Thumb Code     2  stm32u5xx_it.o(.text.NMI_Handler)
    PendSV_Handler                           0x0800d025   Thumb Code     2  stm32u5xx_it.o(.text.PendSV_Handler)
    SVC_Handler                              0x0800d489   Thumb Code     2  stm32u5xx_it.o(.text.SVC_Handler)
    SysTick_Handler                          0x0800d48d   Thumb Code     4  stm32u5xx_it.o(.text.SysTick_Handler)
    SystemClock_Config                       0x0800d491   Thumb Code   180  main.o(.text.SystemClock_Config)
    SystemInit                               0x0800d545   Thumb Code    76  system_stm32u5xx.o(.text.SystemInit)
    TIM7_IRQHandler                          0x0800d591   Thumb Code    12  stm32u5xx_it.o(.text.TIM7_IRQHandler)
    TIM_Base_SetConfig                       0x0800d59d   Thumb Code   638  stm32u5xx_hal_tim.o(.text.TIM_Base_SetConfig)
    TIM_CCxChannelCmd                        0x0800d81d   Thumb Code   386  stm32u5xx_hal_tim.o(.text.TIM_CCxChannelCmd)
    TIM_OC2_SetConfig                        0x0800db89   Thumb Code   404  stm32u5xx_hal_tim.o(.text.TIM_OC2_SetConfig)
    UART_AdvFeatureConfig                    0x0800e045   Thumb Code   696  stm32u5xx_hal_uart.o(.text.UART_AdvFeatureConfig)
    UART_CheckIdleState                      0x0800e2fd   Thumb Code   362  stm32u5xx_hal_uart.o(.text.UART_CheckIdleState)
    UART_SetConfig                           0x0800e469   Thumb Code   932  stm32u5xx_hal_uart.o(.text.UART_SetConfig)
    UART_WaitOnFlagUntilTimeout              0x0800e80d   Thumb Code   818  stm32u5xx_hal_uart.o(.text.UART_WaitOnFlagUntilTimeout)
    UsageFault_Handler                       0x0800eb41   Thumb Code     2  stm32u5xx_it.o(.text.UsageFault_Handler)
    assert_failed                            0x0800eb45   Thumb Code     2  main.o(.text.assert_failed)
    fputc                                    0x0800eb49   Thumb Code    50  stm32u5xx_nucleo.o(.text.fputc)
    main                                     0x0800eb7d   Thumb Code   984  main.o(.text.main)
    __0printf$8                              0x0800efd5   Thumb Code    22  printf8.o(i.__0printf$8)
    __1printf$8                              0x0800efd5   Thumb Code     0  printf8.o(i.__0printf$8)
    __2printf                                0x0800efd5   Thumb Code     0  printf8.o(i.__0printf$8)
    __scatterload_copy                       0x0800eff5   Thumb Code    14  handlers.o(i.__scatterload_copy)
    __scatterload_null                       0x0800f003   Thumb Code     2  handlers.o(i.__scatterload_null)
    __scatterload_zeroinit                   0x0800f005   Thumb Code    14  handlers.o(i.__scatterload_zeroinit)
    putchar                                  0x0800f479   Thumb Code     6  putchar.o(i.putchar)
    puts                                     0x0800f485   Thumb Code    30  puts.o(i.puts)
    AHBPrescTable                            0x0800f4a8   Data          16  system_stm32u5xx.o(.rodata.AHBPrescTable)
    APBPrescTable                            0x0800f4b8   Data           8  system_stm32u5xx.o(.rodata.APBPrescTable)
    MSIRangeTable                            0x0800f554   Data          64  system_stm32u5xx.o(.rodata.MSIRangeTable)
    UARTPrescTable                           0x0800f594   Data          24  stm32u5xx_hal_uart.o(.rodata.UARTPrescTable)
    Region$$Table$$Base                      0x0800f9ec   Number         0  anon$$obj.o(Region$$Table)
    Region$$Table$$Limit                     0x0800fa0c   Number         0  anon$$obj.o(Region$$Table)
    __stdout                                 0x20000000   Data           4  stdout.o(.data)
    uwTickFreq                               0x20000004   Data           1  stm32u5xx_hal.o(.data..L_MergedGlobals)
    uwTickPrio                               0x20000008   Data           4  stm32u5xx_hal.o(.data..L_MergedGlobals)
    COM_USART                                0x2000000c   Data           4  stm32u5xx_nucleo.o(.data.COM_USART)
    SystemCoreClock                          0x20000010   Data           4  system_stm32u5xx.o(.data.SystemCoreClock)
    BspButtonState                           0x20000020   Data           4  main.o(.bss..L_MergedGlobals)
    BspCOMInit                               0x2000002c   Data          16  main.o(.bss..L_MergedGlobals)
    List_GPDMA1_Channel0                     0x2000003c   Data          24  adc.o(.bss..L_MergedGlobals)
    Node_GPDMA1_Channel0                     0x20000054   Data          36  adc.o(.bss..L_MergedGlobals)
    hadc1                                    0x2000039c   Data         140  adc.o(.bss.hadc1)
    handle_GPDMA1_Channel0                   0x20000428   Data         120  adc.o(.bss.handle_GPDMA1_Channel0)
    hcom_uart                                0x200004a0   Data         148  stm32u5xx_nucleo.o(.bss.hcom_uart)
    hi2c1                                    0x20000534   Data          84  i2c.o(.bss.hi2c1)
    hpb_exti                                 0x20000588   Data          12  stm32u5xx_nucleo.o(.bss.hpb_exti)
    hspi1                                    0x20000594   Data         144  spi.o(.bss.hspi1)
    htim1                                    0x20000624   Data          76  tim.o(.bss.htim1)
    htim6                                    0x20000670   Data          76  tim.o(.bss.htim6)
    htim7                                    0x200006bc   Data          76  tim.o(.bss.htim7)
    uwTick                                   0x20000788   Data           4  stm32u5xx_hal.o(.bss.uwTick)
    __initial_sp                             0x20000b90   Data           0  startup_stm32u5a5xx.o(STACK)



==============================================================================

Memory Map of the image

  Image Entry point : 0x08000251

  Load Region LR_IROM1 (Base: 0x08000000, Size: 0x0000fa28, Max: 0x00400000, ABSOLUTE)

    Execution Region ER_IROM1 (Exec base: 0x08000000, Load base: 0x08000000, Size: 0x0000fa0c, Max: 0x00400000, ABSOLUTE)

    Exec Addr    Load Addr    Size         Type   Attr      Idx    E Section Name        Object

    0x08000000   0x08000000   0x00000250   Data   RO            3    RESET               startup_stm32u5a5xx.o
    0x08000250   0x08000250   0x00000000   Code   RO         2071  * .ARM.Collect$$$$00000000  mc_w.l(entry.o)
    0x08000250   0x08000250   0x00000004   Code   RO         2349    .ARM.Collect$$$$00000001  mc_w.l(entry2.o)
    0x08000254   0x08000254   0x00000004   Code   RO         2352    .ARM.Collect$$$$00000004  mc_w.l(entry5.o)
    0x08000258   0x08000258   0x00000000   Code   RO         2354    .ARM.Collect$$$$00000008  mc_w.l(entry7b.o)
    0x08000258   0x08000258   0x00000000   Code   RO         2356    .ARM.Collect$$$$0000000A  mc_w.l(entry8b.o)
    0x08000258   0x08000258   0x00000008   Code   RO         2357    .ARM.Collect$$$$0000000B  mc_w.l(entry9a.o)
    0x08000260   0x08000260   0x00000000   Code   RO         2359    .ARM.Collect$$$$0000000D  mc_w.l(entry10a.o)
    0x08000260   0x08000260   0x00000000   Code   RO         2361    .ARM.Collect$$$$0000000F  mc_w.l(entry11a.o)
    0x08000260   0x08000260   0x00000004   Code   RO         2350    .ARM.Collect$$$$00002712  mc_w.l(entry2.o)
    0x08000264   0x08000264   0x00000028   Code   RO            4    .text               startup_stm32u5a5xx.o
    0x0800028c   0x0800028c   0x00000062   Code   RO         2080    .text               mc_w.l(uldiv.o)
    0x080002ee   0x080002ee   0x00000024   Code   RO         2082    .text               mc_w.l(memcpya.o)
    0x08000312   0x08000312   0x00000024   Code   RO         2084    .text               mc_w.l(memseta.o)
    0x08000336   0x08000336   0x0000001e   Code   RO         2375    .text               mc_w.l(llshl.o)
    0x08000354   0x08000354   0x00000020   Code   RO         2377    .text               mc_w.l(llushr.o)
    0x08000374   0x08000374   0x00000030   Code   RO         2390    .text               mc_w.l(init.o)
    0x080003a4   0x080003a4   0x00000062   Code   RO          265    .text.ADC_DMAConvCplt  stm32u5xx_hal_adc.o
    0x08000406   0x08000406   0x00000002   PAD
    0x08000408   0x08000408   0x00000016   Code   RO          269    .text.ADC_DMAError  stm32u5xx_hal_adc.o
    0x0800041e   0x0800041e   0x00000002   PAD
    0x08000420   0x08000420   0x00000006   Code   RO          267    .text.ADC_DMAHalfConvCplt  stm32u5xx_hal_adc.o
    0x08000426   0x08000426   0x00000002   PAD
    0x08000428   0x08000428   0x0000007c   Code   RO          245    .text.ADC_Disable   stm32u5xx_hal_adc.o
    0x080004a4   0x080004a4   0x000000c0   Code   RO          251    .text.ADC_Enable    stm32u5xx_hal_adc.o
    0x08000564   0x08000564   0x000000a8   Code   RO          213    .text.BSP_COM_Init  stm32u5xx_nucleo.o
    0x0800060c   0x0800060c   0x000000ba   Code   RO          189    .text.BSP_LED_Init  stm32u5xx_nucleo.o
    0x080006c6   0x080006c6   0x00000002   PAD
    0x080006c8   0x080006c8   0x00000030   Code   RO          193    .text.BSP_LED_On    stm32u5xx_nucleo.o
    0x080006f8   0x080006f8   0x0000002e   Code   RO          197    .text.BSP_LED_Toggle  stm32u5xx_nucleo.o
    0x08000726   0x08000726   0x00000002   PAD
    0x08000728   0x08000728   0x00000014   Code   RO           25    .text.BSP_PB_Callback  main.o
    0x0800073c   0x0800073c   0x00000014   Code   RO          209    .text.BSP_PB_IRQHandler  stm32u5xx_nucleo.o
    0x08000750   0x08000750   0x00000098   Code   RO          201    .text.BSP_PB_Init   stm32u5xx_nucleo.o
    0x080007e8   0x080007e8   0x00000006   Code   RO          203    .text.BUTTON_USER_EXTI_Callback  stm32u5xx_nucleo.o
    0x080007ee   0x080007ee   0x00000002   PAD
    0x080007f0   0x080007f0   0x00000002   Code   RO          144    .text.BusFault_Handler  stm32u5xx_it.o
    0x080007f2   0x080007f2   0x00000002   PAD
    0x080007f4   0x080007f4   0x0000001e   Code   RO          430    .text.DMA_List_CheckNodesBaseAddresses  stm32u5xx_hal_dma_ex.o
    0x08000812   0x08000812   0x00000002   PAD
    0x08000814   0x08000814   0x000001d2   Code   RO          434    .text.DMA_List_FindNode  stm32u5xx_hal_dma_ex.o
    0x080009e6   0x080009e6   0x00000002   PAD
    0x080009e8   0x080009e8   0x00000002   Code   RO          150    .text.DebugMon_Handler  stm32u5xx_it.o
    0x080009ea   0x080009ea   0x00000002   PAD
    0x080009ec   0x080009ec   0x00000006   Code   RO          158    .text.EXTI13_IRQHandler  stm32u5xx_it.o
    0x080009f2   0x080009f2   0x00000002   PAD
    0x080009f4   0x080009f4   0x00000006   Code   RO          156    .text.EXTI1_IRQHandler  stm32u5xx_it.o
    0x080009fa   0x080009fa   0x00000002   PAD
    0x080009fc   0x080009fc   0x00000006   Code   RO           15    .text.Error_Handler  main.o
    0x08000a02   0x08000a02   0x00000002   PAD
    0x08000a04   0x08000a04   0x0000000c   Code   RO          160    .text.GPDMA1_Channel0_IRQHandler  stm32u5xx_it.o
    0x08000a10   0x08000a10   0x00000308   Code   RO          310    .text.HAL_ADCEx_Calibration_Start  stm32u5xx_hal_adc_ex.o
    0x08000d18   0x08000d18   0x00000d44   Code   RO          291    .text.HAL_ADC_ConfigChannel  stm32u5xx_hal_adc.o
    0x08001a5c   0x08001a5c   0x00000026   Code   RO           19    .text.HAL_ADC_ConvCpltCallback  main.o
    0x08001a82   0x08001a82   0x00000002   PAD
    0x08001a84   0x08001a84   0x00000022   Code   RO           17    .text.HAL_ADC_ConvHalfCpltCallback  main.o
    0x08001aa6   0x08001aa6   0x00000002   PAD
    0x08001aa8   0x08001aa8   0x00000002   Code   RO          281    .text.HAL_ADC_ErrorCallback  stm32u5xx_hal_adc.o
    0x08001aaa   0x08001aaa   0x00000002   PAD
    0x08001aac   0x08001aac   0x00000916   Code   RO          237    .text.HAL_ADC_Init  stm32u5xx_hal_adc.o
    0x080023c2   0x080023c2   0x00000002   PAD
    0x080023c4   0x080023c4   0x0000016a   Code   RO           53    .text.HAL_ADC_MspInit  adc.o
    0x0800252e   0x0800252e   0x00000002   PAD
    0x08002530   0x08002530   0x00000208   Code   RO          263    .text.HAL_ADC_Start_DMA  stm32u5xx_hal_adc.o
    0x08002738   0x08002738   0x0000000a   Code   RO          486    .text.HAL_DMAEx_GetFifoLevel  stm32u5xx_hal_dma_ex.o
    0x08002742   0x08002742   0x00000002   PAD
    0x08002744   0x08002744   0x0000044e   Code   RO          424    .text.HAL_DMAEx_List_BuildNode  stm32u5xx_hal_dma_ex.o
    0x08002b92   0x08002b92   0x00000002   PAD
    0x08002b94   0x08002b94   0x00000156   Code   RO          426    .text.HAL_DMAEx_List_GetNodeConfig  stm32u5xx_hal_dma_ex.o
    0x08002cea   0x08002cea   0x00000002   PAD
    0x08002cec   0x08002cec   0x0000089e   Code   RO          416    .text.HAL_DMAEx_List_Init  stm32u5xx_hal_dma_ex.o
    0x0800358a   0x0800358a   0x00000002   PAD
    0x0800358c   0x0800358c   0x0000014a   Code   RO          428    .text.HAL_DMAEx_List_InsertNode  stm32u5xx_hal_dma_ex.o
    0x080036d6   0x080036d6   0x00000002   PAD
    0x080036d8   0x080036d8   0x000000ee   Code   RO          470    .text.HAL_DMAEx_List_LinkQ  stm32u5xx_hal_dma_ex.o
    0x080037c6   0x080037c6   0x00000002   PAD
    0x080037c8   0x080037c8   0x00000116   Code   RO          462    .text.HAL_DMAEx_List_SetCircularMode  stm32u5xx_hal_dma_ex.o
    0x080038de   0x080038de   0x00000002   PAD
    0x080038e0   0x080038e0   0x000000c8   Code   RO          422    .text.HAL_DMAEx_List_Start_IT  stm32u5xx_hal_dma_ex.o
    0x080039a8   0x080039a8   0x00000028   Code   RO          387    .text.HAL_DMA_Abort_IT  stm32u5xx_hal_dma.o
    0x080039d0   0x080039d0   0x00000068   Code   RO          401    .text.HAL_DMA_ConfigChannelAttributes  stm32u5xx_hal_dma.o
    0x08003a38   0x08003a38   0x00000006   Code   RO          397    .text.HAL_DMA_GetState  stm32u5xx_hal_dma.o
    0x08003a3e   0x08003a3e   0x00000002   PAD
    0x08003a40   0x08003a40   0x000001a8   Code   RO          391    .text.HAL_DMA_IRQHandler  stm32u5xx_hal_dma.o
    0x08003be8   0x08003be8   0x000000d0   Code   RO          383    .text.HAL_DMA_Start_IT  stm32u5xx_hal_dma.o
    0x08003cb8   0x08003cb8   0x00000058   Code   RO         1093    .text.HAL_EXTI_GetHandle  stm32u5xx_hal_exti.o
    0x08003d10   0x08003d10   0x00000054   Code   RO         1095    .text.HAL_EXTI_IRQHandler  stm32u5xx_hal_exti.o
    0x08003d64   0x08003d64   0x00000024   Code   RO         1091    .text.HAL_EXTI_RegisterCallback  stm32u5xx_hal_exti.o
    0x08003d88   0x08003d88   0x00000002   Code   RO         1073    .text.HAL_GPIO_EXTI_Falling_Callback  stm32u5xx_hal_gpio.o
    0x08003d8a   0x08003d8a   0x00000002   PAD
    0x08003d8c   0x08003d8c   0x0000002e   Code   RO         1069    .text.HAL_GPIO_EXTI_IRQHandler  stm32u5xx_hal_gpio.o
    0x08003dba   0x08003dba   0x00000002   PAD
    0x08003dbc   0x08003dbc   0x00000002   Code   RO         1071    .text.HAL_GPIO_EXTI_Rising_Callback  stm32u5xx_hal_gpio.o
    0x08003dbe   0x08003dbe   0x00000002   PAD
    0x08003dc0   0x08003dc0   0x000009e0   Code   RO         1051    .text.HAL_GPIO_Init  stm32u5xx_hal_gpio.o
    0x080047a0   0x080047a0   0x0000002a   Code   RO         1061    .text.HAL_GPIO_TogglePin  stm32u5xx_hal_gpio.o
    0x080047ca   0x080047ca   0x00000002   PAD
    0x080047cc   0x080047cc   0x00000046   Code   RO         1057    .text.HAL_GPIO_WritePin  stm32u5xx_hal_gpio.o
    0x08004812   0x08004812   0x00000002   PAD
    0x08004814   0x08004814   0x0000000c   Code   RO          510    .text.HAL_GetTick   stm32u5xx_hal.o
    0x08004820   0x08004820   0x00000134   Code   RO          766    .text.HAL_I2CEx_ConfigAnalogFilter  stm32u5xx_hal_i2c_ex.o
    0x08004954   0x08004954   0x0000012e   Code   RO          768    .text.HAL_I2CEx_ConfigDigitalFilter  stm32u5xx_hal_i2c_ex.o
    0x08004a82   0x08004a82   0x00000002   PAD
    0x08004a84   0x08004a84   0x00000002   Code   RO          735    .text.HAL_I2C_AbortCpltCallback  stm32u5xx_hal_i2c.o
    0x08004a86   0x08004a86   0x00000002   PAD
    0x08004a88   0x08004a88   0x00000002   Code   RO          725    .text.HAL_I2C_AddrCallback  stm32u5xx_hal_i2c.o
    0x08004a8a   0x08004a8a   0x00000002   PAD
    0x08004a8c   0x08004a8c   0x00000060   Code   RO          713    .text.HAL_I2C_ER_IRQHandler  stm32u5xx_hal_i2c.o
    0x08004aec   0x08004aec   0x00000010   Code   RO          711    .text.HAL_I2C_EV_IRQHandler  stm32u5xx_hal_i2c.o
    0x08004afc   0x08004afc   0x00000002   Code   RO          733    .text.HAL_I2C_ErrorCallback  stm32u5xx_hal_i2c.o
    0x08004afe   0x08004afe   0x00000002   PAD
    0x08004b00   0x08004b00   0x00000274   Code   RO          609    .text.HAL_I2C_Init  stm32u5xx_hal_i2c.o
    0x08004d74   0x08004d74   0x00000002   Code   RO          727    .text.HAL_I2C_ListenCpltCallback  stm32u5xx_hal_i2c.o
    0x08004d76   0x08004d76   0x00000002   PAD
    0x08004d78   0x08004d78   0x000000b8   Code   RO           79    .text.HAL_I2C_MspInit  i2c.o
    0x08004e30   0x08004e30   0x00000002   Code   RO          723    .text.HAL_I2C_SlaveRxCpltCallback  stm32u5xx_hal_i2c.o
    0x08004e32   0x08004e32   0x00000002   PAD
    0x08004e34   0x08004e34   0x00000002   Code   RO          721    .text.HAL_I2C_SlaveTxCpltCallback  stm32u5xx_hal_i2c.o
    0x08004e36   0x08004e36   0x00000002   PAD
    0x08004e38   0x08004e38   0x0000003a   Code   RO         1307    .text.HAL_ICACHE_ConfigAssociativityMode  stm32u5xx_hal_icache.o
    0x08004e72   0x08004e72   0x00000002   PAD
    0x08004e74   0x08004e74   0x00000014   Code   RO         1311    .text.HAL_ICACHE_Enable  stm32u5xx_hal_icache.o
    0x08004e88   0x08004e88   0x0000001a   Code   RO          508    .text.HAL_IncTick   stm32u5xx_hal.o
    0x08004ea2   0x08004ea2   0x00000002   PAD
    0x08004ea4   0x08004ea4   0x0000005c   Code   RO          498    .text.HAL_Init      stm32u5xx_hal.o
    0x08004f00   0x08004f00   0x000000a8   Code   RO          500    .text.HAL_InitTick  stm32u5xx_hal.o
    0x08004fa8   0x08004fa8   0x0000002c   Code   RO          175    .text.HAL_MspInit   stm32u5xx_hal_msp.o
    0x08004fd4   0x08004fd4   0x00000032   Code   RO          929    .text.HAL_NVIC_EnableIRQ  stm32u5xx_hal_cortex.o
    0x08005006   0x08005006   0x00000002   PAD
    0x08005008   0x08005008   0x00000080   Code   RO          927    .text.HAL_NVIC_SetPriority  stm32u5xx_hal_cortex.o
    0x08005088   0x08005088   0x00000038   Code   RO          925    .text.HAL_NVIC_SetPriorityGrouping  stm32u5xx_hal_cortex.o
    0x080050c0   0x080050c0   0x000000f0   Code   RO         1167    .text.HAL_PWREx_ConfigSupply  stm32u5xx_hal_pwr_ex.o
    0x080051b0   0x080051b0   0x000000fe   Code   RO         1163    .text.HAL_PWREx_ControlVoltageScaling  stm32u5xx_hal_pwr_ex.o
    0x080052ae   0x080052ae   0x00000002   PAD
    0x080052b0   0x080052b0   0x00000012   Code   RO         1245    .text.HAL_PWREx_DisableUCPDDeadBattery  stm32u5xx_hal_pwr_ex.o
    0x080052c2   0x080052c2   0x00000002   PAD
    0x080052c4   0x080052c4   0x00000012   Code   RO         1203    .text.HAL_PWREx_EnableVddA  stm32u5xx_hal_pwr_ex.o
    0x080052d6   0x080052d6   0x00000002   PAD
    0x080052d8   0x080052d8   0x00000012   Code   RO         1199    .text.HAL_PWREx_EnableVddIO2  stm32u5xx_hal_pwr_ex.o
    0x080052ea   0x080052ea   0x00000002   PAD
    0x080052ec   0x080052ec   0x00000010   Code   RO         1165    .text.HAL_PWREx_GetVoltageRange  stm32u5xx_hal_pwr_ex.o
    0x080052fc   0x080052fc   0x00000012   Code   RO         1120    .text.HAL_PWR_DisableBkUpAccess  stm32u5xx_hal_pwr.o
    0x0800530e   0x0800530e   0x00000002   PAD
    0x08005310   0x08005310   0x00000012   Code   RO         1118    .text.HAL_PWR_EnableBkUpAccess  stm32u5xx_hal_pwr.o
    0x08005322   0x08005322   0x00000002   PAD
    0x08005324   0x08005324   0x00000086   Code   RO          890    .text.HAL_RCCEx_EnableLSCO  stm32u5xx_hal_rcc_ex.o
    0x080053aa   0x080053aa   0x00000002   PAD
    0x080053ac   0x080053ac   0x00000184   Code   RO          842    .text.HAL_RCCEx_GetPLL1ClockFreq  stm32u5xx_hal_rcc_ex.o
    0x08005530   0x08005530   0x00000184   Code   RO          844    .text.HAL_RCCEx_GetPLL2ClockFreq  stm32u5xx_hal_rcc_ex.o
    0x080056b4   0x080056b4   0x00000184   Code   RO          846    .text.HAL_RCCEx_GetPLL3ClockFreq  stm32u5xx_hal_rcc_ex.o
    0x08005838   0x08005838   0x00000ae2   Code   RO          848    .text.HAL_RCCEx_GetPeriphCLKFreq  stm32u5xx_hal_rcc_ex.o
    0x0800631a   0x0800631a   0x00000002   PAD
    0x0800631c   0x0800631c   0x00000bc4   Code   RO          834    .text.HAL_RCCEx_PeriphCLKConfig  stm32u5xx_hal_rcc_ex.o
    0x08006ee0   0x08006ee0   0x000004bc   Code   RO          797    .text.HAL_RCC_ClockConfig  stm32u5xx_hal_rcc.o
    0x0800739c   0x0800739c   0x0000002c   Code   RO          795    .text.HAL_RCC_GetHCLKFreq  stm32u5xx_hal_rcc.o
    0x080073c8   0x080073c8   0x0000003e   Code   RO          803    .text.HAL_RCC_GetPCLK1Freq  stm32u5xx_hal_rcc.o
    0x08007406   0x08007406   0x00000002   PAD
    0x08007408   0x08007408   0x0000003e   Code   RO          805    .text.HAL_RCC_GetPCLK2Freq  stm32u5xx_hal_rcc.o
    0x08007446   0x08007446   0x00000002   PAD
    0x08007448   0x08007448   0x0000003e   Code   RO          807    .text.HAL_RCC_GetPCLK3Freq  stm32u5xx_hal_rcc.o
    0x08007486   0x08007486   0x00000002   PAD
    0x08007488   0x08007488   0x00000108   Code   RO          799    .text.HAL_RCC_GetSysClockFreq  stm32u5xx_hal_rcc.o
    0x08007590   0x08007590   0x00000f2c   Code   RO          793    .text.HAL_RCC_OscConfig  stm32u5xx_hal_rcc.o
    0x080084bc   0x080084bc   0x0000011e   Code   RO         1461    .text.HAL_SPIEx_SetConfigAutonomousMode  stm32u5xx_hal_spi_ex.o
    0x080085da   0x080085da   0x00000002   PAD
    0x080085dc   0x080085dc   0x0000046a   Code   RO         1352    .text.HAL_SPI_Init  stm32u5xx_hal_spi.o
    0x08008a46   0x08008a46   0x00000002   PAD
    0x08008a48   0x08008a48   0x0000009a   Code   RO          102    .text.HAL_SPI_MspInit  spi.o
    0x08008ae2   0x08008ae2   0x00000002   PAD
    0x08008ae4   0x08008ae4   0x00000340   Code   RO         1360    .text.HAL_SPI_Transmit  stm32u5xx_hal_spi.o
    0x08008e24   0x08008e24   0x0000008c   Code   RO          951    .text.HAL_SYSTICK_CLKSourceConfig  stm32u5xx_hal_cortex.o
    0x08008eb0   0x08008eb0   0x00000024   Code   RO          937    .text.HAL_SYSTICK_Config  stm32u5xx_hal_cortex.o
    0x08008ed4   0x08008ed4   0x00000038   Code   RO          953    .text.HAL_SYSTICK_GetCLKSourceConfig  stm32u5xx_hal_cortex.o
    0x08008f0c   0x08008f0c   0x00000002   Code   RO         1836    .text.HAL_TIMEx_Break2Callback  stm32u5xx_hal_tim_ex.o
    0x08008f0e   0x08008f0e   0x00000002   PAD
    0x08008f10   0x08008f10   0x00000002   Code   RO         1834    .text.HAL_TIMEx_BreakCallback  stm32u5xx_hal_tim_ex.o
    0x08008f12   0x08008f12   0x00000002   PAD
    0x08008f14   0x08008f14   0x00000002   Code   RO         1830    .text.HAL_TIMEx_CommutCallback  stm32u5xx_hal_tim_ex.o
    0x08008f16   0x08008f16   0x00000002   PAD
    0x08008f18   0x08008f18   0x00000398   Code   RO         1782    .text.HAL_TIMEx_ConfigBreakDeadTime  stm32u5xx_hal_tim_ex.o
    0x080092b0   0x080092b0   0x00000002   Code   RO         1840    .text.HAL_TIMEx_DirectionChangeCallback  stm32u5xx_hal_tim_ex.o
    0x080092b2   0x080092b2   0x00000002   PAD
    0x080092b4   0x080092b4   0x00000002   Code   RO         1838    .text.HAL_TIMEx_EncoderIndexCallback  stm32u5xx_hal_tim_ex.o
    0x080092b6   0x080092b6   0x00000002   PAD
    0x080092b8   0x080092b8   0x00000002   Code   RO         1842    .text.HAL_TIMEx_IndexErrorCallback  stm32u5xx_hal_tim_ex.o
    0x080092ba   0x080092ba   0x00000002   PAD
    0x080092bc   0x080092bc   0x0000030a   Code   RO         1780    .text.HAL_TIMEx_MasterConfigSynchronization  stm32u5xx_hal_tim_ex.o
    0x080095c6   0x080095c6   0x00000002   PAD
    0x080095c8   0x080095c8   0x00000002   Code   RO         1844    .text.HAL_TIMEx_TransitionErrorCallback  stm32u5xx_hal_tim_ex.o
    0x080095ca   0x080095ca   0x00000002   PAD
    0x080095cc   0x080095cc   0x000002ea   Code   RO         1476    .text.HAL_TIM_Base_Init  stm32u5xx_hal_tim.o
    0x080098b6   0x080098b6   0x00000002   PAD
    0x080098b8   0x080098b8   0x00000096   Code   RO          123    .text.HAL_TIM_Base_MspInit  tim.o
    0x0800994e   0x0800994e   0x00000002   PAD
    0x08009950   0x08009950   0x00000264   Code   RO         1486    .text.HAL_TIM_Base_Start  stm32u5xx_hal_tim.o
    0x08009bb4   0x08009bb4   0x0000026c   Code   RO         1490    .text.HAL_TIM_Base_Start_IT  stm32u5xx_hal_tim.o
    0x08009e20   0x08009e20   0x00000ea8   Code   RO         1664    .text.HAL_TIM_ConfigClockSource  stm32u5xx_hal_tim.o
    0x0800acc8   0x0800acc8   0x00000002   Code   RO         1614    .text.HAL_TIM_IC_CaptureCallback  stm32u5xx_hal_tim.o
    0x0800acca   0x0800acca   0x00000002   PAD
    0x0800accc   0x0800accc   0x000001cc   Code   RO         1612    .text.HAL_TIM_IRQHandler  stm32u5xx_hal_tim.o
    0x0800ae98   0x0800ae98   0x00000002   Code   RO         1616    .text.HAL_TIM_OC_DelayElapsedCallback  stm32u5xx_hal_tim.o
    0x0800ae9a   0x0800ae9a   0x00000002   PAD
    0x0800ae9c   0x0800ae9c   0x000007b4   Code   RO         1638    .text.HAL_TIM_PWM_ConfigChannel  stm32u5xx_hal_tim.o
    0x0800b650   0x0800b650   0x000002ea   Code   RO         1532    .text.HAL_TIM_PWM_Init  stm32u5xx_hal_tim.o
    0x0800b93a   0x0800b93a   0x00000002   PAD
    0x0800b93c   0x0800b93c   0x00000002   Code   RO         1534    .text.HAL_TIM_PWM_MspInit  stm32u5xx_hal_tim.o
    0x0800b93e   0x0800b93e   0x00000002   PAD
    0x0800b940   0x0800b940   0x00000002   Code   RO         1618    .text.HAL_TIM_PWM_PulseFinishedCallback  stm32u5xx_hal_tim.o
    0x0800b942   0x0800b942   0x00000002   PAD
    0x0800b944   0x0800b944   0x000004e8   Code   RO         1540    .text.HAL_TIM_PWM_Start  stm32u5xx_hal_tim.o
    0x0800be2c   0x0800be2c   0x00000026   Code   RO           21    .text.HAL_TIM_PeriodElapsedCallback  main.o
    0x0800be52   0x0800be52   0x00000002   PAD
    0x0800be54   0x0800be54   0x00000002   Code   RO         1622    .text.HAL_TIM_TriggerCallback  stm32u5xx_hal_tim.o
    0x0800be56   0x0800be56   0x00000002   PAD
    0x0800be58   0x0800be58   0x00000168   Code   RO         1912    .text.HAL_UART_Init  stm32u5xx_hal_uart.o
    0x0800bfc0   0x0800bfc0   0x00000002   Code   RO         1914    .text.HAL_UART_MspInit  stm32u5xx_hal_uart.o
    0x0800bfc2   0x0800bfc2   0x00000002   PAD
    0x0800bfc4   0x0800bfc4   0x000001ae   Code   RO         1932    .text.HAL_UART_Transmit  stm32u5xx_hal_uart.o
    0x0800c172   0x0800c172   0x00000002   PAD
    0x0800c174   0x0800c174   0x00000002   Code   RO          140    .text.HardFault_Handler  stm32u5xx_it.o
    0x0800c176   0x0800c176   0x00000002   PAD
    0x0800c178   0x0800c178   0x0000000c   Code   RO          166    .text.I2C1_ER_IRQHandler  stm32u5xx_it.o
    0x0800c184   0x0800c184   0x0000000c   Code   RO          164    .text.I2C1_EV_IRQHandler  stm32u5xx_it.o
    0x0800c190   0x0800c190   0x0000003c   Code   RO          697    .text.I2C_DMAAbort  stm32u5xx_hal_i2c.o
    0x0800c1cc   0x0800c1cc   0x000000a2   Code   RO          753    .text.I2C_ITAddrCplt  stm32u5xx_hal_i2c.o
    0x0800c26e   0x0800c26e   0x00000002   PAD
    0x0800c270   0x0800c270   0x00000186   Code   RO          715    .text.I2C_ITError   stm32u5xx_hal_i2c.o
    0x0800c3f6   0x0800c3f6   0x00000002   PAD
    0x0800c3f8   0x0800c3f8   0x000003ae   Code   RO          747    .text.I2C_ITSlaveCplt  stm32u5xx_hal_i2c.o
    0x0800c7a6   0x0800c7a6   0x00000002   PAD
    0x0800c7a8   0x0800c7a8   0x00000094   Code   RO          751    .text.I2C_ITSlaveSeqCplt  stm32u5xx_hal_i2c.o
    0x0800c83c   0x0800c83c   0x00000218   Code   RO          643    .text.I2C_Slave_ISR_IT  stm32u5xx_hal_i2c.o
    0x0800ca54   0x0800ca54   0x00000064   Code   RO          293    .text.LL_ADC_REG_SetSequencerRanks  stm32u5xx_hal_adc.o
    0x0800cab8   0x0800cab8   0x000000a4   Code   RO           51    .text.MX_ADC1_Init  adc.o
    0x0800cb5c   0x0800cb5c   0x00000034   Code   RO           68    .text.MX_GPDMA1_Init  gpdma.o
    0x0800cb90   0x0800cb90   0x0000012a   Code   RO           42    .text.MX_GPIO_Init  gpio.o
    0x0800ccba   0x0800ccba   0x00000002   PAD
    0x0800ccbc   0x0800ccbc   0x00000070   Code   RO           77    .text.MX_I2C1_Init  i2c.o
    0x0800cd2c   0x0800cd2c   0x00000022   Code   RO           92    .text.MX_ICACHE_Init  icache.o
    0x0800cd4e   0x0800cd4e   0x00000002   PAD
    0x0800cd50   0x0800cd50   0x0000008c   Code   RO          100    .text.MX_SPI1_Init  spi.o
    0x0800cddc   0x0800cddc   0x0000015e   Code   RO          115    .text.MX_TIM1_Init  tim.o
    0x0800cf3a   0x0800cf3a   0x00000002   PAD
    0x0800cf3c   0x0800cf3c   0x00000056   Code   RO          119    .text.MX_TIM6_Init  tim.o
    0x0800cf92   0x0800cf92   0x00000002   PAD
    0x0800cf94   0x0800cf94   0x00000054   Code   RO          121    .text.MX_TIM7_Init  tim.o
    0x0800cfe8   0x0800cfe8   0x00000034   Code   RO          215    .text.MX_USART1_Init  stm32u5xx_nucleo.o
    0x0800d01c   0x0800d01c   0x00000002   Code   RO          142    .text.MemManage_Handler  stm32u5xx_it.o
    0x0800d01e   0x0800d01e   0x00000002   PAD
    0x0800d020   0x0800d020   0x00000002   Code   RO          138    .text.NMI_Handler   stm32u5xx_it.o
    0x0800d022   0x0800d022   0x00000002   PAD
    0x0800d024   0x0800d024   0x00000002   Code   RO          152    .text.PendSV_Handler  stm32u5xx_it.o
    0x0800d026   0x0800d026   0x00000002   PAD
    0x0800d028   0x0800d028   0x000001c6   Code   RO          836    .text.RCCEx_PLL2_Config  stm32u5xx_hal_rcc_ex.o
    0x0800d1ee   0x0800d1ee   0x00000002   PAD
    0x0800d1f0   0x0800d1f0   0x000001c6   Code   RO          838    .text.RCCEx_PLL3_Config  stm32u5xx_hal_rcc_ex.o
    0x0800d3b6   0x0800d3b6   0x00000002   PAD
    0x0800d3b8   0x0800d3b8   0x000000d0   Code   RO         1362    .text.SPI_CloseTransfer  stm32u5xx_hal_spi.o
    0x0800d488   0x0800d488   0x00000002   Code   RO          148    .text.SVC_Handler   stm32u5xx_it.o
    0x0800d48a   0x0800d48a   0x00000002   PAD
    0x0800d48c   0x0800d48c   0x00000004   Code   RO          154    .text.SysTick_Handler  stm32u5xx_it.o
    0x0800d490   0x0800d490   0x000000b4   Code   RO           13    .text.SystemClock_Config  main.o
    0x0800d544   0x0800d544   0x0000004c   Code   RO         2056    .text.SystemInit    system_stm32u5xx.o
    0x0800d590   0x0800d590   0x0000000c   Code   RO          162    .text.TIM7_IRQHandler  stm32u5xx_it.o
    0x0800d59c   0x0800d59c   0x0000027e   Code   RO         1480    .text.TIM_Base_SetConfig  stm32u5xx_hal_tim.o
    0x0800d81a   0x0800d81a   0x00000002   PAD
    0x0800d81c   0x0800d81c   0x00000182   Code   RO         1516    .text.TIM_CCxChannelCmd  stm32u5xx_hal_tim.o
    0x0800d99e   0x0800d99e   0x00000002   PAD
    0x0800d9a0   0x0800d9a0   0x000001e8   Code   RO         1626    .text.TIM_OC1_SetConfig  stm32u5xx_hal_tim.o
    0x0800db88   0x0800db88   0x00000194   Code   RO         1628    .text.TIM_OC2_SetConfig  stm32u5xx_hal_tim.o
    0x0800dd1c   0x0800dd1c   0x00000194   Code   RO         1630    .text.TIM_OC3_SetConfig  stm32u5xx_hal_tim.o
    0x0800deb0   0x0800deb0   0x00000194   Code   RO         1632    .text.TIM_OC4_SetConfig  stm32u5xx_hal_tim.o
    0x0800e044   0x0800e044   0x000002b8   Code   RO         1916    .text.UART_AdvFeatureConfig  stm32u5xx_hal_uart.o
    0x0800e2fc   0x0800e2fc   0x0000016a   Code   RO         1920    .text.UART_CheckIdleState  stm32u5xx_hal_uart.o
    0x0800e466   0x0800e466   0x00000002   PAD
    0x0800e468   0x0800e468   0x000003a4   Code   RO         1918    .text.UART_SetConfig  stm32u5xx_hal_uart.o
    0x0800e80c   0x0800e80c   0x00000332   Code   RO         1934    .text.UART_WaitOnFlagUntilTimeout  stm32u5xx_hal_uart.o
    0x0800eb3e   0x0800eb3e   0x00000002   PAD
    0x0800eb40   0x0800eb40   0x00000002   Code   RO          146    .text.UsageFault_Handler  stm32u5xx_it.o
    0x0800eb42   0x0800eb42   0x00000002   PAD
    0x0800eb44   0x0800eb44   0x00000002   Code   RO           27    .text.assert_failed  main.o
    0x0800eb46   0x0800eb46   0x00000002   PAD
    0x0800eb48   0x0800eb48   0x00000032   Code   RO          221    .text.fputc         stm32u5xx_nucleo.o
    0x0800eb7a   0x0800eb7a   0x00000002   PAD
    0x0800eb7c   0x0800eb7c   0x00000458   Code   RO           11    .text.main          main.o
    0x0800efd4   0x0800efd4   0x00000020   Code   RO         2295    i.__0printf$8       mc_w.l(printf8.o)
    0x0800eff4   0x0800eff4   0x0000000e   Code   RO         2398    i.__scatterload_copy  mc_w.l(handlers.o)
    0x0800f002   0x0800f002   0x00000002   Code   RO         2399    i.__scatterload_null  mc_w.l(handlers.o)
    0x0800f004   0x0800f004   0x0000000e   Code   RO         2400    i.__scatterload_zeroinit  mc_w.l(handlers.o)
    0x0800f012   0x0800f012   0x00000002   PAD
    0x0800f014   0x0800f014   0x00000410   Code   RO         2302    i._printf_core      mc_w.l(printf8.o)
    0x0800f424   0x0800f424   0x00000024   Code   RO         2303    i._printf_post_padding  mc_w.l(printf8.o)
    0x0800f448   0x0800f448   0x0000002e   Code   RO         2304    i._printf_pre_padding  mc_w.l(printf8.o)
    0x0800f476   0x0800f476   0x00000002   PAD
    0x0800f478   0x0800f478   0x0000000c   Code   RO         2076    i.putchar           mc_w.l(putchar.o)
    0x0800f484   0x0800f484   0x00000024   Code   RO         2074    i.puts              mc_w.l(puts.o)
    0x0800f4a8   0x0800f4a8   0x00000010   Data   RO         2061    .rodata.AHBPrescTable  system_stm32u5xx.o
    0x0800f4b8   0x0800f4b8   0x00000008   Data   RO         2062    .rodata.APBPrescTable  system_stm32u5xx.o
    0x0800f4c0   0x0800f4c0   0x00000006   Data   RO          224    .rodata.LED_PIN     stm32u5xx_nucleo.o
    0x0800f4c6   0x0800f4c6   0x00000002   PAD
    0x0800f4c8   0x0800f4c8   0x0000000c   Data   RO          225    .rodata.LED_PORT    stm32u5xx_nucleo.o
    0x0800f4d4   0x0800f4d4   0x00000080   Data   RO         1076    .rodata.LPGPIO_Map  stm32u5xx_hal_gpio.o
    0x0800f554   0x0800f554   0x00000040   Data   RO         2063    .rodata.MSIRangeTable  system_stm32u5xx.o
    0x0800f594   0x0800f594   0x00000018   Data   RO         2046    .rodata.UARTPrescTable  stm32u5xx_hal_uart.o
    0x0800f5ac   0x0800f5ac   0x00000031   Data   RO           31    .rodata.str1.1      main.o
    0x0800f5dd   0x0800f5dd   0x00000038   Data   RO          301    .rodata.str1.1      stm32u5xx_hal_adc.o
    0x0800f615   0x0800f615   0x0000003b   Data   RO          368    .rodata.str1.1      stm32u5xx_hal_adc_ex.o
    0x0800f650   0x0800f650   0x00000038   Data   RO          407    .rodata.str1.1      stm32u5xx_hal_dma.o
    0x0800f688   0x0800f688   0x0000003b   Data   RO          488    .rodata.str1.1      stm32u5xx_hal_dma_ex.o
    0x0800f6c3   0x0800f6c3   0x00000038   Data   RO          757    .rodata.str1.1      stm32u5xx_hal_i2c.o
    0x0800f6fb   0x0800f6fb   0x0000003b   Data   RO          782    .rodata.str1.1      stm32u5xx_hal_i2c_ex.o
    0x0800f736   0x0800f736   0x00000038   Data   RO          825    .rodata.str1.1      stm32u5xx_hal_rcc.o
    0x0800f76e   0x0800f76e   0x0000003b   Data   RO          916    .rodata.str1.1      stm32u5xx_hal_rcc_ex.o
    0x0800f7a9   0x0800f7a9   0x0000003b   Data   RO          971    .rodata.str1.1      stm32u5xx_hal_cortex.o
    0x0800f7e4   0x0800f7e4   0x00000039   Data   RO         1075    .rodata.str1.1      stm32u5xx_hal_gpio.o
    0x0800f81d   0x0800f81d   0x00000039   Data   RO         1107    .rodata.str1.1      stm32u5xx_hal_exti.o
    0x0800f856   0x0800f856   0x0000003b   Data   RO         1297    .rodata.str1.1      stm32u5xx_hal_pwr_ex.o
    0x0800f891   0x0800f891   0x0000003b   Data   RO         1343    .rodata.str1.1      stm32u5xx_hal_icache.o
    0x0800f8cc   0x0800f8cc   0x00000038   Data   RO         1446    .rodata.str1.1      stm32u5xx_hal_spi.o
    0x0800f904   0x0800f904   0x0000003b   Data   RO         1467    .rodata.str1.1      stm32u5xx_hal_spi_ex.o
    0x0800f93f   0x0800f93f   0x00000038   Data   RO         1704    .rodata.str1.1      stm32u5xx_hal_tim.o
    0x0800f977   0x0800f977   0x0000003b   Data   RO         1854    .rodata.str1.1      stm32u5xx_hal_tim_ex.o
    0x0800f9b2   0x0800f9b2   0x00000039   Data   RO         2047    .rodata.str1.1      stm32u5xx_hal_uart.o
    0x0800f9eb   0x0800f9eb   0x00000001   PAD
    0x0800f9ec   0x0800f9ec   0x00000020   Data   RO         2397    Region$$Table       anon$$obj.o


    Execution Region RW_IRAM1 (Exec base: 0x20000000, Load base: 0x0800fa10, Size: 0x00000b90, Max: 0x00270000, ABSOLUTE)

    Exec Addr    Load Addr    Size         Type   Attr      Idx    E Section Name        Object

    0x20000000   0x0800fa10   0x00000004   Data   RW         2363    .data               mc_w.l(stdout.o)
    0x20000004   0x0800fa14   0x00000008   Data   RW          600    .data..L_MergedGlobals  stm32u5xx_hal.o
    0x2000000c   0x0800fa1c   0x00000004   Data   RW          223    .data.COM_USART     stm32u5xx_nucleo.o
    0x20000010   0x0800fa20   0x00000004   Data   RW         2060    .data.SystemCoreClock  system_stm32u5xx.o
    0x20000014   0x0800fa24   0x00000004   PAD
    0x20000018        -       0x00000024   Zero   RW           33    .bss..L_MergedGlobals  main.o
    0x2000003c        -       0x0000003c   Zero   RW           59    .bss..L_MergedGlobals  adc.o
    0x20000078        -       0x00000001   Zero   RW          228    .bss.COM_ActiveLogPort  stm32u5xx_nucleo.o
    0x20000079   0x0800fa24   0x00000001   PAD
    0x2000007a        -       0x00000320   Zero   RW           29    .bss.eda_buf        main.o
    0x2000039a   0x0800fa24   0x00000002   PAD
    0x2000039c        -       0x0000008c   Zero   RW           57    .bss.hadc1          adc.o
    0x20000428        -       0x00000078   Zero   RW           58    .bss.handle_GPDMA1_Channel0  adc.o
    0x200004a0        -       0x00000094   Zero   RW          227    .bss.hcom_uart      stm32u5xx_nucleo.o
    0x20000534        -       0x00000054   Zero   RW           83    .bss.hi2c1          i2c.o
    0x20000588        -       0x0000000c   Zero   RW          226    .bss.hpb_exti       stm32u5xx_nucleo.o
    0x20000594        -       0x00000090   Zero   RW          106    .bss.hspi1          spi.o
    0x20000624        -       0x0000004c   Zero   RW          127    .bss.htim1          tim.o
    0x20000670        -       0x0000004c   Zero   RW          128    .bss.htim6          tim.o
    0x200006bc        -       0x0000004c   Zero   RW          129    .bss.htim7          tim.o
    0x20000708        -       0x00000080   Zero   RW           30    .bss.temp_ring      main.o
    0x20000788        -       0x00000004   Zero   RW          598    .bss.uwTick         stm32u5xx_hal.o
    0x2000078c   0x0800fa24   0x00000004   PAD
    0x20000790        -       0x00000400   Zero   RW            1    STACK               startup_stm32u5a5xx.o


==============================================================================

Image component sizes


      Code (inc. data)   RO Data    RW Data    ZI Data      Debug   Object Name

       526          0          0          0        320      11193   adc.o
        52          0          0          0          0       5305   gpdma.o
       298          0          0          0          0       6033   gpio.o
       296          0          0          0         84      11785   i2c.o
        34          0          0          0          0        683   icache.o
      1430        128         49          0        964      17056   main.o
       294          0          0          0        144       9235   spi.o
        40         10        592          0       1024        900   startup_stm32u5a5xx.o
       298          0          0          8          4      15011   stm32u5xx_hal.o
      6786          0         56          0          0      39815   stm32u5xx_hal_adc.o
       776          0         59          0          0      31600   stm32u5xx_hal_adc_ex.o
       466         24         59          0          0      14913   stm32u5xx_hal_cortex.o
       782          0         56          0          0      12919   stm32u5xx_hal_dma.o
      5202          0         59          0          0      44987   stm32u5xx_hal_dma_ex.o
       208          0         57          0          0       7505   stm32u5xx_hal_exti.o
      2690          0        185          0          0       9322   stm32u5xx_hal_gpio.o
      2990          0         56          0          0      67972   stm32u5xx_hal_i2c.o
       610          0         59          0          0       7883   stm32u5xx_hal_i2c_ex.o
        78          0         59          0          0       5480   stm32u5xx_hal_icache.o
        44          0          0          0          0       2361   stm32u5xx_hal_msp.o
        36          0          0          0          0       7685   stm32u5xx_hal_pwr.o
       564          0         59          0          0      15583   stm32u5xx_hal_pwr_ex.o
      5590         72         56          0          0      17178   stm32u5xx_hal_rcc.o
      8004        320         59          0          0      23692   stm32u5xx_hal_rcc_ex.o
      2170          0         56          0          0      25628   stm32u5xx_hal_spi.o
       286          0         59          0          0       7191   stm32u5xx_hal_spi_ex.o
     12898         16         56          0          0      89489   stm32u5xx_hal_tim.o
      1712          0         59          0          0      38141   stm32u5xx_hal_tim_ex.o
      3600          0         81          0          0      42455   stm32u5xx_hal_uart.o
        80          0          0          0          0       7904   stm32u5xx_it.o
       728          0         18          4        161      16165   stm32u5xx_nucleo.o
        76          0         88          4          0       4420   system_stm32u5xx.o
       670          0          0          0        228      12904   tim.o

    ----------------------------------------------------------------------
     60504        570       1972         16       2940     630393   Object Totals
         0          0         32          0          0          0   (incl. Generated)
       190          0          3          0         11          0   (incl. Padding)

    ----------------------------------------------------------------------

      Code (inc. data)   RO Data    RW Data    ZI Data      Debug   Library Member Name

         0          0          0          0          0          0   entry.o
         0          0          0          0          0          0   entry10a.o
         0          0          0          0          0          0   entry11a.o
         8          4          0          0          0          0   entry2.o
         4          0          0          0          0          0   entry5.o
         0          0          0          0          0          0   entry7b.o
         0          0          0          0          0          0   entry8b.o
         8          4          0          0          0          0   entry9a.o
        30          0          0          0          0          0   handlers.o
        48         10          0          0          0         68   init.o
        30          0          0          0          0         68   llshl.o
        32          0          0          0          0         68   llushr.o
        36          0          0          0          0         68   memcpya.o
        36          0          0          0          0        108   memseta.o
      1154         54          0          0          0        352   printf8.o
        12          6          0          0          0         68   putchar.o
        36          6          0          0          0         80   puts.o
         0          0          0          4          0          0   stdout.o
        98          0          0          0          0         92   uldiv.o

    ----------------------------------------------------------------------
      1536         84          0          4          0        972   Library Totals
         4          0          0          0          0          0   (incl. Padding)

    ----------------------------------------------------------------------

      Code (inc. data)   RO Data    RW Data    ZI Data      Debug   Library Name

      1532         84          0          4          0        972   mc_w.l

    ----------------------------------------------------------------------
      1536         84          0          4          0        972   Library Totals

    ----------------------------------------------------------------------

==============================================================================


      Code (inc. data)   RO Data    RW Data    ZI Data      Debug   

     62040        654       1972         20       2940     630481   Grand Totals
     62040        654       1972         20       2940     630481   ELF Image Totals
     62040        654       1972         20          0          0   ROM Totals

==============================================================================

    Total RO  Size (Code + RO Data)                64012 (  62.51kB)
    Total RW  Size (RW Data + ZI Data)              2960 (   2.89kB)
    Total ROM Size (Code + RO Data + RW Data)      64032 (  62.53kB)

==============================================================================

